Archive member included to satisfy reference by file (symbol)

contiki-srf06-cc26xx.a(lcd.o)
                              cc2650-lcd16x2.co (lcdPrintf)
contiki-srf06-cc26xx.a(contiki-main.o)
                              obj_srf06-cc26xx/startup_gcc.o (main)
contiki-srf06-cc26xx.a(sensors.o)
                              cc2650-lcd16x2.co (sensors_event)
contiki-srf06-cc26xx.a(leds.o)
                              contiki-srf06-cc26xx.a(contiki-main.o) (leds_init)
contiki-srf06-cc26xx.a(board.o)
                              contiki-srf06-cc26xx.a(contiki-main.o) (board_init)
contiki-srf06-cc26xx.a(launchpad-senso)
                              contiki-srf06-cc26xx.a(sensors.o) (sensors_flags)
contiki-srf06-cc26xx.a(leds-arch.o)
                              contiki-srf06-cc26xx.a(leds.o) (leds_arch_init)
contiki-srf06-cc26xx.a(button-sensor.o)
                              cc2650-lcd16x2.co (button_right_sensor)
contiki-srf06-cc26xx.a(ext-flash.o)
                              contiki-srf06-cc26xx.a(board.o) (ext_flash_init)
contiki-srf06-cc26xx.a(board-spi.o)
                              contiki-srf06-cc26xx.a(ext-flash.o) (board_spi_write)
contiki-srf06-cc26xx.a(clock.o)
                              contiki-srf06-cc26xx.a(contiki-main.o) (clock_init)
contiki-srf06-cc26xx.a(soc-rtc.o)
                              contiki-srf06-cc26xx.a(contiki-main.o) (soc_rtc_init)
contiki-srf06-cc26xx.a(contiki-watchdo)
                              contiki-srf06-cc26xx.a(contiki-main.o) (watchdog_init)
contiki-srf06-cc26xx.a(putchar.o)
                              contiki-srf06-cc26xx.a(contiki-main.o) (putchar)
contiki-srf06-cc26xx.a(ieee-addr.o)
                              contiki-srf06-cc26xx.a(contiki-main.o) (ieee_addr_cpy_to)
contiki-srf06-cc26xx.a(batmon-sensor.o)
                              cc2650-lcd16x2.co (batmon_sensor)
contiki-srf06-cc26xx.a(cc26xx-uart.o)
                              contiki-srf06-cc26xx.a(contiki-main.o) (cc26xx_uart_init)
contiki-srf06-cc26xx.a(lpm.o)
                              contiki-srf06-cc26xx.a(contiki-main.o) (lpm_drop)
contiki-srf06-cc26xx.a(gpio-interrupt.)
                              contiki-srf06-cc26xx.a(button-sensor.o) (gpio_interrupt_register_handler)
contiki-srf06-cc26xx.a(oscillators.o)
                              contiki-srf06-cc26xx.a(contiki-main.o) (oscillators_select_lf_xosc)
contiki-srf06-cc26xx.a(rf-ble.o)
                              cc2650-lcd16x2.co (rf_ble_beacond_config)
contiki-srf06-cc26xx.a(ieee-mode.o)
                              contiki-srf06-cc26xx.a(contiki-main.o) (ieee_mode_driver)
contiki-srf06-cc26xx.a(random.o)
                              contiki-srf06-cc26xx.a(contiki-main.o) (random_init)
contiki-srf06-cc26xx.a(soc-trng.o)
                              contiki-srf06-cc26xx.a(random.o) (soc_trng_rand_synchronous)
contiki-srf06-cc26xx.a(dbg-printf.o)
                              cc2650-lcd16x2.co (printf)
contiki-srf06-cc26xx.a(dbg-snprintf.o)
                              contiki-srf06-cc26xx.a(lcd.o) (vsnprintf)
contiki-srf06-cc26xx.a(strformat.o)
                              contiki-srf06-cc26xx.a(dbg-printf.o) (format_str_v)
contiki-srf06-cc26xx.a(autostart.o)
                              contiki-srf06-cc26xx.a(contiki-main.o) (autostart_start)
contiki-srf06-cc26xx.a(energest.o)
                              contiki-srf06-cc26xx.a(contiki-main.o) (energest_init)
contiki-srf06-cc26xx.a(etimer.o)
                              contiki-srf06-cc26xx.a(clock.o) (etimer_request_poll)
contiki-srf06-cc26xx.a(ctimer.o)
                              contiki-srf06-cc26xx.a(contiki-main.o) (ctimer_init)
contiki-srf06-cc26xx.a(process.o)
                              contiki-srf06-cc26xx.a(sensors.o) (process_alloc_event)
contiki-srf06-cc26xx.a(rtimer.o)
                              contiki-srf06-cc26xx.a(contiki-main.o) (rtimer_init)
contiki-srf06-cc26xx.a(timer.o)
                              contiki-srf06-cc26xx.a(button-sensor.o) (timer_set)
contiki-srf06-cc26xx.a(serial-line.o)
                              contiki-srf06-cc26xx.a(contiki-main.o) (serial_line_init)
contiki-srf06-cc26xx.a(list.o)
                              contiki-srf06-cc26xx.a(lpm.o) (list_init)
contiki-srf06-cc26xx.a(memb.o)
                              contiki-srf06-cc26xx.a(lcd.o) (memb_alloc)
contiki-srf06-cc26xx.a(ringbuf.o)
                              contiki-srf06-cc26xx.a(serial-line.o) (ringbuf_init)
contiki-srf06-cc26xx.a(uip6.o)
                              contiki-srf06-cc26xx.a(contiki-main.o) (uip_lladdr)
contiki-srf06-cc26xx.a(uip-nd6.o)
                              contiki-srf06-cc26xx.a(uip6.o) (uip_nd6_init)
contiki-srf06-cc26xx.a(sicslowpan.o)
                              contiki-srf06-cc26xx.a(contiki-main.o) (sicslowpan_driver)
contiki-srf06-cc26xx.a(tcpip.o)
                              contiki-srf06-cc26xx.a(sicslowpan.o) (tcpip_set_outputfunc)
contiki-srf06-cc26xx.a(rpl-dag.o)
[...]
Memory Configuration

Name             Origin             Length             Attributes
FLASH            0x0000000000000000 0x000000000001ffa8 xr
FLASH_CCFG       0x000000000001ffa8 0x0000000000000058 xr
SRAM             0x0000000020000000 0x0000000000005000 xrw
GPRAM            0x0000000011000000 0x0000000000002000 xrw
*default*        0x0000000000000000 0xffffffffffffffff

Linker script and memory map

LOAD obj_srf06-cc26xx/fault-handlers.o
LOAD obj_srf06-cc26xx/ccfg.o
LOAD obj_srf06-cc26xx/startup_gcc.o
LOAD cc2650-lcd16x2.co
LOAD contiki-srf06-cc26xx.a
LOAD /usr/lib/gcc/arm-none-eabi/4.9.3/../../../arm-none-eabi/lib/armv7-m/libm.a
START GROUP
LOAD /usr/lib/gcc/arm-none-eabi/4.9.3/armv7-m/libgcc.a
LOAD /usr/lib/gcc/arm-none-eabi/4.9.3/../../../arm-none-eabi/lib/armv7-m/libc.a
END GROUP
                0x0000000020005000                _estack = (ORIGIN (SRAM) + LENGTH (SRAM))
                0x0000000000000000                _Min_Heap_Size = 0x0
                0x0000000000000100                _Min_Stack_Size = 0x100

.text           0x0000000000000000     0xe26c
                0x0000000000000000                _text = .
 *(SORT(.vectors))
 .vectors       0x0000000000000000       0xc8 obj_srf06-cc26xx/startup_gcc.o
                0x0000000000000000                g_pfnVectors
 *(SORT(.text*))
 .text.FaultISR
                0x00000000000000c8       0x18 obj_srf06-cc26xx/fault-handlers.o
                0x00000000000000c8                FaultISR
 .text.NmiSRHandler
                0x00000000000000e0        0x4 obj_srf06-cc26xx/startup_gcc.o
                0x00000000000000e0                NmiSR
 .text.IntDefaultHandler
                0x00000000000000e4        0x4 obj_srf06-cc26xx/startup_gcc.o
                0x00000000000000e4                SSI0IntHandler
                0x00000000000000e4                SWEvent0IntHandler
                0x00000000000000e4                uDMAIntHandler
                0x00000000000000e4                WatchdogIntHandler
                0x00000000000000e4                RFCHardwareIntHandler
                0x00000000000000e4                Timer1BIntHandler
                0x00000000000000e4                I2SIntHandler
                0x00000000000000e4                Timer2BIntHandler
                0x00000000000000e4                Timer2AIntHandler
                0x00000000000000e4                Timer1AIntHandler
                0x00000000000000e4                AONIntHandler
                0x00000000000000e4                AUXSWEvent0IntHandler
                0x00000000000000e4                AUXADCIntHandler
                0x00000000000000e4                PendSVIntHandler
                0x00000000000000e4                AUXSWEvent1IntHandler
                0x00000000000000e4                SVCallIntHandler
                0x00000000000000e4                MPUFaultIntHandler
                0x00000000000000e4                SysTickIntHandler
                0x00000000000000e4                BusFaultIntHandler
                0x00000000000000e4                AONProgIntHandler
                0x00000000000000e4                AUXCompAIntHandler
                0x00000000000000e4                SSI1IntHandler
                0x00000000000000e4                FlashIntHandler
                0x00000000000000e4                uDMAErrIntHandler
                0x00000000000000e4                UsageFaultIntHandler
                0x00000000000000e4                RFCCmdAckIntHandler
                0x00000000000000e4                CryptoIntHandler
                0x00000000000000e4                Timer0AIntHandler
                0x00000000000000e4                I2CIntHandler
                0x00000000000000e4                DebugMonIntHandler
                0x00000000000000e4                Timer0BIntHandler
                0x00000000000000e4                AUXCombEventIntHandler
                0x00000000000000e4                Timer3AIntHandler
                0x00000000000000e4                DynProgIntHandler
                0x00000000000000e4                Timer3BIntHandler
 .text.ResetISR
                0x00000000000000e8       0x5c obj_srf06-cc26xx/startup_gcc.o
                0x00000000000000e8                ResetISR
 .text.get_sync_sensor_readings
                0x0000000000000144       0x40 cc2650-lcd16x2.co
 .text.process_thread_cc26xx_demo_process
                0x0000000000000184      0x124 cc2650-lcd16x2.co
 .text.strobe.isra.0
                0x00000000000002a8       0x30 contiki-srf06-cc26xx.a(lcd.o)
 .text.put4Command
                0x00000000000002d8       0x38 contiki-srf06-cc26xx.a(lcd.o)
 .text.sendDataCmd
                0x0000000000000310       0xa4 contiki-srf06-cc26xx.a(lcd.o)
 .text.putCommand
                0x00000000000003b4       0x20 contiki-srf06-cc26xx.a(lcd.o)
 .text.lcdClear
                0x00000000000003d4       0x30 contiki-srf06-cc26xx.a(lcd.o)
                0x00000000000003d4                lcdClear
 .text.lcdDisplay
                0x0000000000000404       0x38 contiki-srf06-cc26xx.a(lcd.o)
                0x0000000000000404                lcdDisplay
 .text.lcdCursor
                0x000000000000043c       0x38 contiki-srf06-cc26xx.a(lcd.o)
                0x000000000000043c                lcdCursor
 .text.lcdCursorBlink
                0x0000000000000474       0x38 contiki-srf06-cc26xx.a(lcd.o)
                0x0000000000000474                lcdCursorBlink
 .text.lcdPutchar
                0x00000000000004ac       0x60 contiki-srf06-cc26xx.a(lcd.o)
                0x00000000000004ac                lcdPutchar
 .text.lcdPrintf
                0x000000000000050c       0x44 contiki-srf06-cc26xx.a(lcd.o)
                0x000000000000050c                lcdPrintf
 .text.lcdInit  0x0000000000000550      0x1dc contiki-srf06-cc26xx.a(lcd.o)
                0x0000000000000550                lcdInit
 .text.fade     0x000000000000072c       0x64 contiki-srf06-cc26xx.a(contiki-main.o)
 .text.startup.main
                0x0000000000000790      0x1fc contiki-srf06-cc26xx.a(contiki-main.o)
                0x0000000000000790                main
 .text.process_thread_sensors_process
                0x000000000000098c       0xf8 contiki-srf06-cc26xx.a(sensors.o)
 .text.sensors_changed
                0x0000000000000a84       0x50 contiki-srf06-cc26xx.a(sensors.o)
                0x0000000000000a84                sensors_changed
 .text.leds_init
                0x0000000000000ad4       0x14 contiki-srf06-cc26xx.a(leds.o)
                0x0000000000000ad4                leds_init
 .text.leds_on  0x0000000000000ae8       0x14 contiki-srf06-cc26xx.a(leds.o)
                0x0000000000000ae8                leds_on
 .text.leds_off
                0x0000000000000afc       0x14 contiki-srf06-cc26xx.a(leds.o)
                0x0000000000000afc                leds_off
 .text.leds_toggle
                0x0000000000000b10       0x14 contiki-srf06-cc26xx.a(leds.o)
                0x0000000000000b10                leds_toggle
 .text.wakeup_handler
                0x0000000000000b24       0x20 contiki-srf06-cc26xx.a(board.o)
 .text.board_init
                0x0000000000000b44       0x98 contiki-srf06-cc26xx.a(board.o)
                0x0000000000000b44                board_init
 .text.leds_arch_init
                0x0000000000000bdc       0x34 contiki-srf06-cc26xx.a(leds-arch.o)
                0x0000000000000bdc                leds_arch_init
 .text.leds_arch_set
                0x0000000000000c10       0x2c contiki-srf06-cc26xx.a(leds-arch.o)
                0x0000000000000c10                leds_arch_set
 .text.status.part.0
                0x0000000000000c3c       0x14 contiki-srf06-cc26xx.a(button-sensor.o)
 .text.value_left
                0x0000000000000c50       0x24 contiki-srf06-cc26xx.a(button-sensor.o)
 .text.value_right
                0x0000000000000c74       0x24 contiki-srf06-cc26xx.a(button-sensor.o)
 .text.status_left
                0x0000000000000c98       0x10 contiki-srf06-cc26xx.a(button-sensor.o)
 .text.status_right
                0x0000000000000ca8       0x10 contiki-srf06-cc26xx.a(button-sensor.o)
 .text.config_buttons
                0x0000000000000cb8       0x84 contiki-srf06-cc26xx.a(button-sensor.o)
 .text.config_left
                0x0000000000000d3c        0xc contiki-srf06-cc26xx.a(button-sensor.o)
 .text.config_right
                0x0000000000000d48        0xc contiki-srf06-cc26xx.a(button-sensor.o)
 .text.button_press_handler
                0x0000000000000d54       0x90 contiki-srf06-cc26xx.a(button-sensor.o)
 .text.verify_part
                0x0000000000000de4       0x7c contiki-srf06-cc26xx.a(ext-flash.o)
 .text.wait_ready
                0x0000000000000e60       0x64 contiki-srf06-cc26xx.a(ext-flash.o)
 .text.power_down
                0x0000000000000ec4       0x50 contiki-srf06-cc26xx.a(ext-flash.o)
 .text.ext_flash_open
                0x0000000000000f14       0x60 contiki-srf06-cc26xx.a(ext-flash.o)
                0x0000000000000f14                ext_flash_open
 .text.ext_flash_init
                0x0000000000000f74       0x14 contiki-srf06-cc26xx.a(ext-flash.o)
                0x0000000000000f74                ext_flash_init
 .text.accessible
                0x0000000000000f88       0x24 contiki-srf06-cc26xx.a(board-spi.o)
 .text.board_spi_write
                0x0000000000000fac       0x3c contiki-srf06-cc26xx.a(board-spi.o)
                0x0000000000000fac                board_spi_write
 .text.board_spi_read
                0x0000000000000fe8       0x48 contiki-srf06-cc26xx.a(board-spi.o)
                0x0000000000000fe8                board_spi_read
 .text.board_spi_flush
                0x0000000000001030       0x24 contiki-srf06-cc26xx.a(board-spi.o)
                0x0000000000001030                board_spi_flush
 .text.board_spi_open
                0x0000000000001054       0xc0 contiki-srf06-cc26xx.a(board-spi.o)
                0x0000000000001054                board_spi_open
 .text.board_spi_close
                0x0000000000001114       0x70 contiki-srf06-cc26xx.a(board-spi.o)
                0x0000000000001114                board_spi_close
 .text.power_domain_on
                0x0000000000001184       0x20 contiki-srf06-cc26xx.a(clock.o)
 .text.clock_init
                0x00000000000011a4       0x98 contiki-srf06-cc26xx.a(clock.o)
                0x00000000000011a4                clock_init
 .text.clock_time
                0x000000000000123c       0x34 contiki-srf06-cc26xx.a(clock.o)
                0x000000000000123c                clock_time
 .text.clock_update
                0x0000000000001270       0x3c contiki-srf06-cc26xx.a(clock.o)
                0x0000000000001270                clock_update
 .text.clock_seconds
                0x00000000000012ac       0x18 contiki-srf06-cc26xx.a(clock.o)
                0x00000000000012ac                clock_seconds
 .text.clock_delay_usec
                0x00000000000012c4       0x84 contiki-srf06-cc26xx.a(clock.o)
                0x00000000000012c4                clock_delay_usec
 .text.soc_rtc_init
                0x0000000000001348       0xa0 contiki-srf06-cc26xx.a(soc-rtc.o)
                0x0000000000001348                soc_rtc_init
 .text.soc_rtc_schedule_one_shot
                0x00000000000013e8       0x70 contiki-srf06-cc26xx.a(soc-rtc.o)
                0x00000000000013e8                soc_rtc_schedule_one_shot
 .text.soc_rtc_last_isr_time
                0x0000000000001458        0xc contiki-srf06-cc26xx.a(soc-rtc.o)
                0x0000000000001458                soc_rtc_last_isr_time
 .text.AONRTCIntHandler
                0x0000000000001464       0x88 contiki-srf06-cc26xx.a(soc-rtc.o)
                0x0000000000001464                AONRTCIntHandler
 .text.lock_config
                0x00000000000014ec       0x18 contiki-srf06-cc26xx.a(contiki-watchdo)
 .text.unlock_config
                0x0000000000001504       0x2c contiki-srf06-cc26xx.a(contiki-watchdo)
 .text.watchdog_init
                0x0000000000001530       0x1c contiki-srf06-cc26xx.a(contiki-watchdo)
                0x0000000000001530                watchdog_init
 .text.watchdog_start
                0x000000000000154c       0x30 contiki-srf06-cc26xx.a(contiki-watchdo)
                0x000000000000154c                watchdog_start
 .text.watchdog_periodic
                0x000000000000157c       0x1c contiki-srf06-cc26xx.a(contiki-watchdo)
                0x000000000000157c                watchdog_periodic
 .text.watchdog_reboot
                0x0000000000001598        0x8 contiki-srf06-cc26xx.a(contiki-watchdo)
                0x0000000000001598                watchdog_reboot
 .text.putchar  0x00000000000015a0       0x10 contiki-srf06-cc26xx.a(putchar.o)
                0x00000000000015a0                putchar
 .text.puts     0x00000000000015b0       0x30 contiki-srf06-cc26xx.a(putchar.o)
                0x00000000000015b0                puts
 .text.dbg_send_bytes
                0x00000000000015e0       0x40 contiki-srf06-cc26xx.a(putchar.o)
                0x00000000000015e0                dbg_send_bytes
 .text.ieee_addr_cpy_to
                0x0000000000001620       0x40 contiki-srf06-cc26xx.a(ieee-addr.o)
                0x0000000000001620                ieee_addr_cpy_to
 .text.configure
                0x0000000000001660       0x34 contiki-srf06-cc26xx.a(batmon-sensor.o)
 .text.status   0x0000000000001694       0x14 contiki-srf06-cc26xx.a(batmon-sensor.o)
 .text.value    0x00000000000016a8       0x24 contiki-srf06-cc26xx.a(batmon-sensor.o)
 .text.power_and_clock
                0x00000000000016cc       0x40 contiki-srf06-cc26xx.a(cc26xx-uart.o)
 .text.enable   0x000000000000170c       0xf0 contiki-srf06-cc26xx.a(cc26xx-uart.o)
 .text.accessible
                0x00000000000017fc       0x24 contiki-srf06-cc26xx.a(cc26xx-uart.o)
 .text.lpm_drop_handler
                0x0000000000001820       0xc8 contiki-srf06-cc26xx.a(cc26xx-uart.o)
 .text.cc26xx_uart_init
                0x00000000000018e8       0x28 contiki-srf06-cc26xx.a(cc26xx-uart.o)
                0x00000000000018e8                cc26xx_uart_init
 .text.cc26xx_uart_write_byte
                0x0000000000001910       0x28 contiki-srf06-cc26xx.a(cc26xx-uart.o)
                0x0000000000001910                cc26xx_uart_write_byte
 .text.cc26xx_uart_busy
                0x0000000000001938       0x18 contiki-srf06-cc26xx.a(cc26xx-uart.o)
                0x0000000000001938                cc26xx_uart_busy
 .text.UART0IntHandler
                0x0000000000001950       0x54 contiki-srf06-cc26xx.a(cc26xx-uart.o)
                0x0000000000001950                UART0IntHandler
 .text.lpm_sleep
                0x00000000000019a4       0x14 contiki-srf06-cc26xx.a(lpm.o)
                0x00000000000019a4                lpm_sleep
 .text.lpm_drop
                0x00000000000019b8      0x25c contiki-srf06-cc26xx.a(lpm.o)
                0x00000000000019b8                lpm_drop
 .text.lpm_register_module
                0x0000000000001c14        0xc contiki-srf06-cc26xx.a(lpm.o)
                0x0000000000001c14                lpm_register_module
 .text.lpm_unregister_module
                0x0000000000001c20        0xc contiki-srf06-cc26xx.a(lpm.o)
                0x0000000000001c20                lpm_unregister_module
 .text.lpm_init
                0x0000000000001c2c       0x20 contiki-srf06-cc26xx.a(lpm.o)
                0x0000000000001c2c                lpm_init
 .text.lpm_pin_set_default_state
                0x0000000000001c4c       0x2c contiki-srf06-cc26xx.a(lpm.o)
                0x0000000000001c4c                lpm_pin_set_default_state
 .text.gpio_interrupt_register_handler
                0x0000000000001c78       0x2c contiki-srf06-cc26xx.a(gpio-interrupt.)
                0x0000000000001c78                gpio_interrupt_register_handler
 .text.gpio_interrupt_init
                0x0000000000001ca4       0x24 contiki-srf06-cc26xx.a(gpio-interrupt.)
                0x0000000000001ca4                gpio_interrupt_init
 .text.GPIOIntHandler
                0x0000000000001cc8       0x30 contiki-srf06-cc26xx.a(gpio-interrupt.)
                0x0000000000001cc8                GPIOIntHandler
 .text.oscillators_select_lf_xosc
                0x0000000000001cf8       0x50 contiki-srf06-cc26xx.a(oscillators.o)
                0x0000000000001cf8                oscillators_select_lf_xosc
 .text.oscillators_request_hf_xosc
                0x0000000000001d48       0x30 contiki-srf06-cc26xx.a(oscillators.o)
                0x0000000000001d48                oscillators_request_hf_xosc
 .text.oscillators_switch_to_hf_xosc
                0x0000000000001d78       0x34 contiki-srf06-cc26xx.a(oscillators.o)
                0x0000000000001d78                oscillators_switch_to_hf_xosc
 .text.oscillators_switch_to_hf_rc
                0x0000000000001dac       0x38 contiki-srf06-cc26xx.a(oscillators.o)
                0x0000000000001dac                oscillators_switch_to_hf_rc
 .text.process_thread_rf_ble_beacon_process
                0x0000000000001de4      0x270 contiki-srf06-cc26xx.a(rf-ble.o)
 .text.rf_ble_beacond_config
                0x0000000000002054       0x4c contiki-srf06-cc26xx.a(rf-ble.o)
                0x0000000000002054                rf_ble_beacond_config
 .text.rf_ble_beacond_start
                0x00000000000020a0       0x38 contiki-srf06-cc26xx.a(rf-ble.o)
                0x00000000000020a0                rf_ble_beacond_start
 .text.rf_ble_is_active
                0x00000000000020d8        0xc contiki-srf06-cc26xx.a(rf-ble.o)
                0x00000000000020d8                rf_ble_is_active
 .text.request  0x00000000000020e4       0x20 contiki-srf06-cc26xx.a(ieee-mode.o)
 .text.rx_on    0x0000000000002104       0x60 contiki-srf06-cc26xx.a(ieee-mode.o)
 .text.prepare  0x0000000000002164       0x1c contiki-srf06-cc26xx.a(ieee-mode.o)
 .text.check_rat_overflow
                0x0000000000002180       0x68 contiki-srf06-cc26xx.a(ieee-mode.o)
 .text.rf_radio_setup
                0x00000000000021e8       0x74 contiki-srf06-cc26xx.a(ieee-mode.o)
 .text.soft_on  0x000000000000225c       0x18 contiki-srf06-cc26xx.a(ieee-mode.o)
 .text.pending_packet
                0x0000000000002274       0x48 contiki-srf06-cc26xx.a(ieee-mode.o)
 .text.soft_off
                0x00000000000022bc       0x3c contiki-srf06-cc26xx.a(ieee-mode.o)
 .text.get_object
                0x00000000000022f8       0x4c contiki-srf06-cc26xx.a(ieee-mode.o)
 .text.transmitting
                0x0000000000002344       0x4c contiki-srf06-cc26xx.a(ieee-mode.o)
 .text.rx_off   0x0000000000002390       0x5c contiki-srf06-cc26xx.a(ieee-mode.o)
 .text.get_cca_info
                0x00000000000023ec       0x44 contiki-srf06-cc26xx.a(ieee-mode.o)
 .text.set_object
                0x0000000000002430       0x50 contiki-srf06-cc26xx.a(ieee-mode.o)
 .text.receiving_packet
                0x0000000000002480       0x34 contiki-srf06-cc26xx.a(ieee-mode.o)
 .text.off      0x00000000000024b4       0x6c contiki-srf06-cc26xx.a(ieee-mode.o)
 .text.on       0x0000000000002520       0xac contiki-srf06-cc26xx.a(ieee-mode.o)
 .text.set_value
                0x00000000000025cc      0x17c contiki-srf06-cc26xx.a(ieee-mode.o)
 .text.get_value
                0x0000000000002748      0x174 contiki-srf06-cc26xx.a(ieee-mode.o)
 .text.transmit
                0x00000000000028bc       0xec contiki-srf06-cc26xx.a(ieee-mode.o)
 .text.send     0x00000000000029a8       0x24 contiki-srf06-cc26xx.a(ieee-mode.o)
 .text.channel_clear
                0x00000000000029cc       0x68 contiki-srf06-cc26xx.a(ieee-mode.o)
 .text.read_frame
                0x0000000000002a34      0x170 contiki-srf06-cc26xx.a(ieee-mode.o)
 .text.handle_rat_overflow
                0x0000000000002ba4       0x48 contiki-srf06-cc26xx.a(ieee-mode.o)
 .text.init     0x0000000000002bec      0x118 contiki-srf06-cc26xx.a(ieee-mode.o)
 .text.random_rand
                0x0000000000002d04        0xc contiki-srf06-cc26xx.a(random.o)
                0x0000000000002d04                random_rand
 .text.random_init
                0x0000000000002d10        0x4 contiki-srf06-cc26xx.a(random.o)
                0x0000000000002d10                random_init
 .text.power_up
                0x0000000000002d14       0x40 contiki-srf06-cc26xx.a(soc-trng.o)
 .text.request  0x0000000000002d54       0x14 contiki-srf06-cc26xx.a(soc-trng.o)
 .text.process_thread_soc_trng_process
                0x0000000000002d68       0x94 contiki-srf06-cc26xx.a(soc-trng.o)
 .text.accessible
                0x0000000000002dfc       0x24 contiki-srf06-cc26xx.a(soc-trng.o)
 .text.soc_trng_rand_synchronous
                0x0000000000002e20       0xc4 contiki-srf06-cc26xx.a(soc-trng.o)
                0x0000000000002e20                soc_trng_rand_synchronous
 .text.TRNGIntHandler
                0x0000000000002ee4       0x50 contiki-srf06-cc26xx.a(soc-trng.o)
                0x0000000000002ee4                TRNGIntHandler
 .text.soc_trng_init
                0x0000000000002f34       0x28 contiki-srf06-cc26xx.a(soc-trng.o)
                0x0000000000002f34                soc_trng_init
 .text.write_str
                0x0000000000002f5c       0x14 contiki-srf06-cc26xx.a(dbg-printf.o)
 .text.printf   0x0000000000002f70       0x24 contiki-srf06-cc26xx.a(dbg-printf.o)
                0x0000000000002f70                printf
 .text.buffer_str
                0x0000000000002f94       0x28 contiki-srf06-cc26xx.a(dbg-snprintf.o)
 .text.vsnprintf
                0x0000000000002fbc       0x28 contiki-srf06-cc26xx.a(dbg-snprintf.o)
                0x0000000000002fbc                vsnprintf
 .text.fill_space
                0x0000000000002fe4       0x3c contiki-srf06-cc26xx.a(strformat.o)
 .text.format_str_v
                0x0000000000003020      0x95c contiki-srf06-cc26xx.a(strformat.o)
                0x0000000000003020                format_str_v
 .text.autostart_start
                0x000000000000397c       0x18 contiki-srf06-cc26xx.a(autostart.o)
                0x000000000000397c                autostart_start
 .text.energest_init
                0x0000000000003994        0x4 contiki-srf06-cc26xx.a(energest.o)
                0x0000000000003994                energest_init
 .text.update_time
                0x0000000000003998       0x44 contiki-srf06-cc26xx.a(etimer.o)
 .text.process_thread_etimer_process
                0x00000000000039dc       0xc8 contiki-srf06-cc26xx.a(etimer.o)
 .text.add_timer
                0x0000000000003aa4       0x54 contiki-srf06-cc26xx.a(etimer.o)
 .text.etimer_request_poll
                0x0000000000003af8        0xc contiki-srf06-cc26xx.a(etimer.o)
                0x0000000000003af8                etimer_request_poll
 .text.etimer_set
                0x0000000000003b04       0x14 contiki-srf06-cc26xx.a(etimer.o)
                0x0000000000003b04                etimer_set
 .text.etimer_reset
                0x0000000000003b18       0x14 contiki-srf06-cc26xx.a(etimer.o)
                0x0000000000003b18                etimer_reset
 .text.etimer_restart
                0x0000000000003b2c       0x14 contiki-srf06-cc26xx.a(etimer.o)
                0x0000000000003b2c                etimer_restart
 .text.etimer_expired
                0x0000000000003b40        0xc contiki-srf06-cc26xx.a(etimer.o)
                0x0000000000003b40                etimer_expired
 .text.etimer_expiration_time
                0x0000000000003b4c        0x8 contiki-srf06-cc26xx.a(etimer.o)
                0x0000000000003b4c                etimer_expiration_time
 .text.etimer_pending
                0x0000000000003b54       0x10 contiki-srf06-cc26xx.a(etimer.o)
                0x0000000000003b54                etimer_pending
 .text.etimer_next_expiration_time
                0x0000000000003b64       0x14 contiki-srf06-cc26xx.a(etimer.o)
                0x0000000000003b64                etimer_next_expiration_time
 .text.etimer_stop
                0x0000000000003b78       0x4c contiki-srf06-cc26xx.a(etimer.o)
                0x0000000000003b78                etimer_stop
 .text.process_thread_ctimer_process
                0x0000000000003bc4       0x94 contiki-srf06-cc26xx.a(ctimer.o)
 .text.ctimer_init
                0x0000000000003c58       0x28 contiki-srf06-cc26xx.a(ctimer.o)
                0x0000000000003c58                ctimer_init
 .text.ctimer_set_with_process
                0x0000000000003c80       0x4c contiki-srf06-cc26xx.a(ctimer.o)
                0x0000000000003c80                ctimer_set_with_process
 .text.ctimer_set
                0x0000000000003ccc       0x18 contiki-srf06-cc26xx.a(ctimer.o)
                0x0000000000003ccc                ctimer_set
 .text.ctimer_reset
                0x0000000000003ce4       0x38 contiki-srf06-cc26xx.a(ctimer.o)
                0x0000000000003ce4                ctimer_reset
 .text.ctimer_restart
                0x0000000000003d1c       0x38 contiki-srf06-cc26xx.a(ctimer.o)
                0x0000000000003d1c                ctimer_restart
 .text.ctimer_stop
                0x0000000000003d54       0x34 contiki-srf06-cc26xx.a(ctimer.o)
                0x0000000000003d54                ctimer_stop
 .text.exit_process
                0x0000000000003d88       0xb0 contiki-srf06-cc26xx.a(process.o)
 .text.call_process.part.0
                0x0000000000003e38       0x38 contiki-srf06-cc26xx.a(process.o)
 .text.do_poll  0x0000000000003e70       0x3c contiki-srf06-cc26xx.a(process.o)
 .text.process_alloc_event
                0x0000000000003eac       0x10 contiki-srf06-cc26xx.a(process.o)
                0x0000000000003eac                process_alloc_event
 .text.process_init
                0x0000000000003ebc       0x34 contiki-srf06-cc26xx.a(process.o)
                0x0000000000003ebc                process_init
 .text.process_run
                0x0000000000003ef0       0xac contiki-srf06-cc26xx.a(process.o)
                0x0000000000003ef0                process_run
 .text.process_nevents
                0x0000000000003f9c       0x14 contiki-srf06-cc26xx.a(process.o)
                0x0000000000003f9c                process_nevents
 .text.process_post
                0x0000000000003fb0       0x40 contiki-srf06-cc26xx.a(process.o)
                0x0000000000003fb0                process_post
 .text.process_post_synch
                0x0000000000003ff0       0x18 contiki-srf06-cc26xx.a(process.o)
                0x0000000000003ff0                process_post_synch
 .text.process_start
                0x0000000000004008       0x40 contiki-srf06-cc26xx.a(process.o)
                0x0000000000004008                process_start
 .text.process_poll
                0x0000000000004048       0x18 contiki-srf06-cc26xx.a(process.o)
                0x0000000000004048                process_poll
 .text.rtimer_init
                0x0000000000004060        0x4 contiki-srf06-cc26xx.a(rtimer.o)
                0x0000000000004060                rtimer_init
 .text.rtimer_set
                0x0000000000004064       0x2c contiki-srf06-cc26xx.a(rtimer.o)
                0x0000000000004064                rtimer_set
 .text.rtimer_run_next
                0x0000000000004090       0x28 contiki-srf06-cc26xx.a(rtimer.o)
                0x0000000000004090                rtimer_run_next
 .text.timer_set
                0x00000000000040b8       0x10 contiki-srf06-cc26xx.a(timer.o)
                0x00000000000040b8                timer_set
 .text.timer_reset
                0x00000000000040c8        0xc contiki-srf06-cc26xx.a(timer.o)
                0x00000000000040c8                timer_reset
 .text.timer_restart
                0x00000000000040d4        0xc contiki-srf06-cc26xx.a(timer.o)
                0x00000000000040d4                timer_restart
 .text.timer_expired
                0x00000000000040e0       0x1c contiki-srf06-cc26xx.a(timer.o)
                0x00000000000040e0                timer_expired
 .text.process_thread_serial_line_process
                0x00000000000040fc       0xac contiki-srf06-cc26xx.a(serial-line.o)
 .text.serial_line_init
                0x00000000000041a8       0x24 contiki-srf06-cc26xx.a(serial-line.o)
                0x00000000000041a8                serial_line_init
 .text.list_init
                0x00000000000041cc        0x8 contiki-srf06-cc26xx.a(list.o)
                0x00000000000041cc                list_init
 .text.list_head
                0x00000000000041d4        0x4 contiki-srf06-cc26xx.a(list.o)
                0x00000000000041d4                list_head
 .text.list_add
                0x00000000000041d8       0x48 contiki-srf06-cc26xx.a(list.o)
                0x00000000000041d8                list_add
 .text.list_push
                0x0000000000004220       0x40 contiki-srf06-cc26xx.a(list.o)
                0x0000000000004220                list_push
 .text.list_remove
                0x0000000000004260       0x2c contiki-srf06-cc26xx.a(list.o)
                0x0000000000004260                list_remove
 .text.list_length
                0x000000000000428c       0x14 contiki-srf06-cc26xx.a(list.o)
                0x000000000000428c                list_length
 .text.list_item_next
                0x00000000000042a0        0x8 contiki-srf06-cc26xx.a(list.o)
                0x00000000000042a0                list_item_next
 .text.memb_init
                0x00000000000042a8       0x24 contiki-srf06-cc26xx.a(memb.o)
                0x00000000000042a8                memb_init
 .text.memb_alloc
                0x00000000000042cc       0x3c contiki-srf06-cc26xx.a(memb.o)
                0x00000000000042cc                memb_alloc
 .text.memb_free
                0x0000000000004308       0x44 contiki-srf06-cc26xx.a(memb.o)
                0x0000000000004308                memb_free
 .text.memb_inmemb
                0x000000000000434c       0x1c contiki-srf06-cc26xx.a(memb.o)
                0x000000000000434c                memb_inmemb
 .text.memb_numfree
                0x0000000000004368       0x1c contiki-srf06-cc26xx.a(memb.o)
                0x0000000000004368                memb_numfree
 .text.ringbuf_init
                0x0000000000004384       0x10 contiki-srf06-cc26xx.a(ringbuf.o)
                0x0000000000004384                ringbuf_init
 .text.ringbuf_get
                0x0000000000004394       0x28 contiki-srf06-cc26xx.a(ringbuf.o)
                0x0000000000004394                ringbuf_get
 .text.chksum   0x00000000000043bc       0x50 contiki-srf06-cc26xx.a(uip6.o)
 .text.upper_layer_chksum
                0x000000000000440c       0x58 contiki-srf06-cc26xx.a(uip6.o)
 .text.ext_hdr_options_process
                0x0000000000004464       0xc8 contiki-srf06-cc26xx.a(uip6.o)
 .text.uip_add32
                0x000000000000452c       0x58 contiki-srf06-cc26xx.a(uip6.o)
                0x000000000000452c                uip_add32
 .text.unlikely.uip_add_rcv_nxt
                0x0000000000004584       0x2c contiki-srf06-cc26xx.a(uip6.o)
 .text.uip_icmp6chksum
                0x00000000000045b0        0x8 contiki-srf06-cc26xx.a(uip6.o)
                0x00000000000045b0                uip_icmp6chksum
 .text.uip_init
                0x00000000000045b8       0x5c contiki-srf06-cc26xx.a(uip6.o)
                0x00000000000045b8                uip_init
 .text.remove_ext_hdr
                0x0000000000004614       0x60 contiki-srf06-cc26xx.a(uip6.o)
                0x0000000000004614                remove_ext_hdr
 .text.uip_unlisten
                0x0000000000004674       0x28 contiki-srf06-cc26xx.a(uip6.o)
                0x0000000000004674                uip_unlisten
 .text.uip_process
                0x000000000000469c     0x10fc contiki-srf06-cc26xx.a(uip6.o)
                0x000000000000469c                uip_process
 .text.uip_htonl
                0x0000000000005798       0x14 contiki-srf06-cc26xx.a(uip6.o)
                0x0000000000005798                uip_htonl
 .text.uip_nd6_init
                0x00000000000057ac        0x4 contiki-srf06-cc26xx.a(uip-nd6.o)
                0x00000000000057ac                uip_nd6_init
 .text.sicslowpan_init
                0x00000000000057b0       0x24 contiki-srf06-cc26xx.a(sicslowpan.o)
                0x00000000000057b0                sicslowpan_init
 .text.compress_addr_64
                0x00000000000057d4       0x9c contiki-srf06-cc26xx.a(sicslowpan.o)
 .text.set_packet_attrs
                0x0000000000005870       0x4c contiki-srf06-cc26xx.a(sicslowpan.o)
 .text.addr_context_lookup_by_prefix
                0x00000000000058bc       0x28 contiki-srf06-cc26xx.a(sicslowpan.o)
 .text.send_packet
                0x00000000000058e4       0x24 contiki-srf06-cc26xx.a(sicslowpan.o)
 .text.packet_sent
                0x0000000000005908       0x28 contiki-srf06-cc26xx.a(sicslowpan.o)
 .text.store_fragment
                0x0000000000005930       0x68 contiki-srf06-cc26xx.a(sicslowpan.o)
 .text.add_fragment
                0x0000000000005998      0x19c contiki-srf06-cc26xx.a(sicslowpan.o)
 .text.uncompress_addr
                0x0000000000005b34       0xb8 contiki-srf06-cc26xx.a(sicslowpan.o)
 .text.input    0x0000000000005bec      0x660 contiki-srf06-cc26xx.a(sicslowpan.o)
 .text.output   0x000000000000624c      0x730 contiki-srf06-cc26xx.a(sicslowpan.o)
 .text.start_periodic_tcp_timer
                0x000000000000697c       0x1c contiki-srf06-cc26xx.a(tcpip.o)
 .text.tcpip_set_outputfunc
                0x0000000000006998        0xc contiki-srf06-cc26xx.a(tcpip.o)
                0x0000000000006998                tcpip_set_outputfunc
 .text.tcpip_icmp6_call
                0x00000000000069a4       0x28 contiki-srf06-cc26xx.a(tcpip.o)
                0x00000000000069a4                tcpip_icmp6_call
 .text.tcpip_input
                0x00000000000069cc       0x24 contiki-srf06-cc26xx.a(tcpip.o)
                0x00000000000069cc                tcpip_input
 .text.tcpip_ipv6_output
                0x00000000000069f0       0xbc contiki-srf06-cc26xx.a(tcpip.o)
                0x00000000000069f0                tcpip_ipv6_output
 .text.process_thread_tcpip_process
                0x0000000000006aac      0x1c8 contiki-srf06-cc26xx.a(tcpip.o)
 .text.tcpip_uipcall
                0x0000000000006c74       0x70 contiki-srf06-cc26xx.a(tcpip.o)
                0x0000000000006c74                tcpip_uipcall
 .text.lollipop_greater_than
                0x0000000000006ce4       0x3c contiki-srf06-cc26xx.a(rpl-dag.o)
 .text.rpl_set_preferred_parent
                0x0000000000006d20       0x2c contiki-srf06-cc26xx.a(rpl-dag.o)
 .text.set_ip_from_prefix
                0x0000000000006d4c       0x2c contiki-srf06-cc26xx.a(rpl-dag.o)
 .text.check_prefix
                0x0000000000006d78       0x78 contiki-srf06-cc26xx.a(rpl-dag.o)
 .text.find_parent_any_dag_any_instance
                0x0000000000006df0       0x1c contiki-srf06-cc26xx.a(rpl-dag.o)
 .text.rpl_dag_init
                0x0000000000006e0c       0x14 contiki-srf06-cc26xx.a(rpl-dag.o)
                0x0000000000006e0c                rpl_dag_init
 .text.rpl_get_parent
                0x0000000000006e20       0x10 contiki-srf06-cc26xx.a(rpl-dag.o)
                0x0000000000006e20                rpl_get_parent
 .text.rpl_rank_via_parent
                0x0000000000006e30       0x1c contiki-srf06-cc26xx.a(rpl-dag.o)
                0x0000000000006e30                rpl_rank_via_parent
 .text.rpl_get_parent_ipaddr
                0x0000000000006e4c       0x18 contiki-srf06-cc26xx.a(rpl-dag.o)
                0x0000000000006e4c                rpl_get_parent_ipaddr
 .text.rpl_get_parent_link_stats
                0x0000000000006e64       0x18 contiki-srf06-cc26xx.a(rpl-dag.o)
                0x0000000000006e64                rpl_get_parent_link_stats
 .text.best_parent
                0x0000000000006e7c       0x90 contiki-srf06-cc26xx.a(rpl-dag.o)
 .text.rpl_parent_is_fresh
                0x0000000000006f0c       0x10 contiki-srf06-cc26xx.a(rpl-dag.o)
                0x0000000000006f0c                rpl_parent_is_fresh
 .text.rpl_parent_is_reachable
                0x0000000000006f1c       0x40 contiki-srf06-cc26xx.a(rpl-dag.o)
                0x0000000000006f1c                rpl_parent_is_reachable
 .text.rpl_repair_root
                0x0000000000006f5c       0x5c contiki-srf06-cc26xx.a(rpl-dag.o)
                0x0000000000006f5c                rpl_repair_root
 .text.rpl_set_prefix
                0x0000000000006fb8       0x98 contiki-srf06-cc26xx.a(rpl-dag.o)
                0x0000000000006fb8                rpl_set_prefix
 .text.rpl_set_default_route
                0x0000000000007050       0x30 contiki-srf06-cc26xx.a(rpl-dag.o)
                0x0000000000007050                rpl_set_default_route
 .text.rpl_alloc_instance
                0x0000000000007080       0x34 contiki-srf06-cc26xx.a(rpl-dag.o)
                0x0000000000007080                rpl_alloc_instance
 .text.rpl_alloc_dag
                0x00000000000070b4       0x5c contiki-srf06-cc26xx.a(rpl-dag.o)
                0x00000000000070b4                rpl_alloc_dag
 .text.rpl_add_parent
                0x0000000000007110       0x30 contiki-srf06-cc26xx.a(rpl-dag.o)
                0x0000000000007110                rpl_add_parent
 .text.rpl_find_parent
                0x0000000000007140       0x18 contiki-srf06-cc26xx.a(rpl-dag.o)
                0x0000000000007140                rpl_find_parent
 .text.rpl_find_parent_any_dag
                0x0000000000007158       0x20 contiki-srf06-cc26xx.a(rpl-dag.o)
                0x0000000000007158                rpl_find_parent_any_dag
 .text.rpl_select_parent
                0x0000000000007178       0x58 contiki-srf06-cc26xx.a(rpl-dag.o)
                0x0000000000007178                rpl_select_parent
 .text.rpl_select_dag
                0x00000000000071d0      0x17c contiki-srf06-cc26xx.a(rpl-dag.o)
                0x00000000000071d0                rpl_select_dag
 .text.rpl_nullify_parent
                0x000000000000734c       0x58 contiki-srf06-cc26xx.a(rpl-dag.o)
                0x000000000000734c                rpl_nullify_parent
 .text.rpl_remove_parent
                0x00000000000073a4       0x1c contiki-srf06-cc26xx.a(rpl-dag.o)
                0x00000000000073a4                rpl_remove_parent
 .text.nbr_callback
                0x00000000000073c0        0x4 contiki-srf06-cc26xx.a(rpl-dag.o)
 .text.remove_parents.constprop.6
                0x00000000000073c4       0x44 contiki-srf06-cc26xx.a(rpl-dag.o)
 .text.rpl_free_dag
                0x0000000000007408       0x3c contiki-srf06-cc26xx.a(rpl-dag.o)
                0x0000000000007408                rpl_free_dag
 .text.rpl_move_parent
                0x0000000000007444       0x58 contiki-srf06-cc26xx.a(rpl-dag.o)
                0x0000000000007444                rpl_move_parent
 .text.rpl_get_any_dag
                0x000000000000749c       0x18 contiki-srf06-cc26xx.a(rpl-dag.o)
                0x000000000000749c                rpl_get_any_dag
 .text.rpl_get_instance
                0x00000000000074b4       0x20 contiki-srf06-cc26xx.a(rpl-dag.o)
                0x00000000000074b4                rpl_get_instance
 .text.rpl_join_instance
                0x00000000000074d4      0x168 contiki-srf06-cc26xx.a(rpl-dag.o)
                0x00000000000074d4                rpl_join_instance
 .text.rpl_local_repair
                0x000000000000763c       0x88 contiki-srf06-cc26xx.a(rpl-dag.o)
                0x000000000000763c                rpl_local_repair
 .text.rpl_process_parent_event
                0x00000000000076c4       0x9c contiki-srf06-cc26xx.a(rpl-dag.o)
                0x00000000000076c4                rpl_process_parent_event
 .text.rpl_add_dag
                0x0000000000007760      0x154 contiki-srf06-cc26xx.a(rpl-dag.o)
                0x0000000000007760                rpl_add_dag
 .text.rpl_recalculate_ranks
                0x00000000000078b4       0x50 contiki-srf06-cc26xx.a(rpl-dag.o)
                0x00000000000078b4                rpl_recalculate_ranks
 .text.rpl_process_dio
                0x0000000000007904      0x334 contiki-srf06-cc26xx.a(rpl-dag.o)
                0x0000000000007904                rpl_process_dio
 .text.new_dio_interval
                0x0000000000007c38       0x60 contiki-srf06-cc26xx.a(rpl-timers.o)
 .text.handle_periodic_timer
                0x0000000000007c98       0x58 contiki-srf06-cc26xx.a(rpl-timers.o)
 .text.set_dao_lifetime_timer
                0x0000000000007cf0       0x50 contiki-srf06-cc26xx.a(rpl-timers.o)
 .text.handle_unicast_dio_timer
                0x0000000000007d40       0x1c contiki-srf06-cc26xx.a(rpl-timers.o)
 .text.handle_dio_timer
                0x0000000000007d5c       0x8c contiki-srf06-cc26xx.a(rpl-timers.o)
 .text.schedule_dao
                0x0000000000007de8       0x54 contiki-srf06-cc26xx.a(rpl-timers.o)
 .text.handle_dao_timer
                0x0000000000007e3c       0x5c contiki-srf06-cc26xx.a(rpl-timers.o)
 .text.rpl_reset_periodic_timer
                0x0000000000007e98       0x3c contiki-srf06-cc26xx.a(rpl-timers.o)
                0x0000000000007e98                rpl_reset_periodic_timer
 .text.rpl_reset_dio_timer
                0x0000000000007ed4       0x1c contiki-srf06-cc26xx.a(rpl-timers.o)
                0x0000000000007ed4                rpl_reset_dio_timer
 .text.rpl_schedule_dao
                0x0000000000007ef0        0x8 contiki-srf06-cc26xx.a(rpl-timers.o)
                0x0000000000007ef0                rpl_schedule_dao
 .text.rpl_schedule_unicast_dio_immediately
                0x0000000000007ef8       0x14 contiki-srf06-cc26xx.a(rpl-timers.o)
                0x0000000000007ef8                rpl_schedule_unicast_dio_immediately
 .text.get_probing_delay
                0x0000000000007f0c       0x4c contiki-srf06-cc26xx.a(rpl-timers.o)
                0x0000000000007f0c                get_probing_delay
 .text.get_probing_target
                0x0000000000007f58       0xdc contiki-srf06-cc26xx.a(rpl-timers.o)
                0x0000000000007f58                get_probing_target
 .text.rpl_schedule_probing
                0x0000000000008034       0x20 contiki-srf06-cc26xx.a(rpl-timers.o)
                0x0000000000008034                rpl_schedule_probing
 .text.handle_probing_timer
                0x0000000000008054       0x34 contiki-srf06-cc26xx.a(rpl-timers.o)
 .text.update_hbh_header
                0x0000000000008088       0xcc contiki-srf06-cc26xx.a(rpl-ext-header.)
 .text.insert_hbh_header.isra.0
                0x0000000000008154       0xac contiki-srf06-cc26xx.a(rpl-ext-header.)
 .text.rpl_verify_hbh_header
                0x0000000000008200       0xf0 contiki-srf06-cc26xx.a(rpl-ext-header.)
                0x0000000000008200                rpl_verify_hbh_header
 .text.rpl_remove_header
                0x00000000000082f0       0x7c contiki-srf06-cc26xx.a(rpl-ext-header.)
                0x00000000000082f0                rpl_remove_header
 .text.rpl_update_header
                0x000000000000836c       0x68 contiki-srf06-cc26xx.a(rpl-ext-header.)
                0x000000000000836c                rpl_update_header
 .text.rpl_get_mode
                0x00000000000083d4        0xc contiki-srf06-cc26xx.a(rpl.o)
                0x00000000000083d4                rpl_get_mode
 .text.rpl_purge_routes
                0x00000000000083e0       0x7c contiki-srf06-cc26xx.a(rpl.o)
                0x00000000000083e0                rpl_purge_routes
 .text.rpl_remove_routes
                0x000000000000845c       0x24 contiki-srf06-cc26xx.a(rpl.o)
                0x000000000000845c                rpl_remove_routes
 .text.rpl_remove_routes_by_nexthop
                0x0000000000008480       0x34 contiki-srf06-cc26xx.a(rpl.o)
                0x0000000000008480                rpl_remove_routes_by_nexthop
 .text.rpl_add_route
                0x00000000000084b4       0x30 contiki-srf06-cc26xx.a(rpl.o)
                0x00000000000084b4                rpl_add_route
 .text.rpl_link_neighbor_callback
                0x00000000000084e4       0x60 contiki-srf06-cc26xx.a(rpl.o)
                0x00000000000084e4                rpl_link_neighbor_callback
 .text.rpl_ipv6_neighbor_callback
                0x0000000000008544       0x30 contiki-srf06-cc26xx.a(rpl.o)
                0x0000000000008544                rpl_ipv6_neighbor_callback
 .text.rpl_purge_dags
                0x0000000000008574       0x40 contiki-srf06-cc26xx.a(rpl.o)
                0x0000000000008574                rpl_purge_dags
 .text.rpl_init
                0x00000000000085b4       0x4c contiki-srf06-cc26xx.a(rpl.o)
                0x00000000000085b4                rpl_init
 .text.reset    0x0000000000008600        0x4 contiki-srf06-cc26xx.a(rpl-mrhof.o)
 .text.update_metric_container
                0x0000000000008604        0x8 contiki-srf06-cc26xx.a(rpl-mrhof.o)
 .text.parent_link_metric
                0x000000000000860c       0x14 contiki-srf06-cc26xx.a(rpl-mrhof.o)
 .text.parent_has_usable_link
                0x0000000000008620       0x18 contiki-srf06-cc26xx.a(rpl-mrhof.o)
 .text.best_dag
                0x0000000000008638       0x2c contiki-srf06-cc26xx.a(rpl-mrhof.o)
 .text.parent_path_cost
                0x0000000000008664       0x4c contiki-srf06-cc26xx.a(rpl-mrhof.o)
 .text.parent_is_acceptable
                0x00000000000086b0       0x34 contiki-srf06-cc26xx.a(rpl-mrhof.o)
 .text.rank_via_parent
                0x00000000000086e4       0x3c contiki-srf06-cc26xx.a(rpl-mrhof.o)
 .text.best_parent
                0x0000000000008720       0x70 contiki-srf06-cc26xx.a(rpl-mrhof.o)
 .text.NOROM_SetupGetTrimForXoscHfCtl.part.3
                0x0000000000008790       0x20 contiki-srf06-cc26xx.a(setup.o)
 .text.NOROM_SetupGetTrimForRadcExtCfg.part.4
                0x00000000000087b0       0x20 contiki-srf06-cc26xx.a(setup.o)
 .text.NOROM_SetupAfterColdResetWakeupFromShutDownCfg1
                0x00000000000087d0       0x7c contiki-srf06-cc26xx.a(setup.o)
                0x00000000000087d0                NOROM_SetupAfterColdResetWakeupFromShutDownCfg1
 .text.NOROM_SetupAfterColdResetWakeupFromShutDownCfg3
                0x000000000000884c      0x194 contiki-srf06-cc26xx.a(setup.o)
                0x000000000000884c                NOROM_SetupAfterColdResetWakeupFromShutDownCfg3
 .text.NOROM_SetupGetTrimForAnabypassValue1
                0x00000000000089e0       0x64 contiki-srf06-cc26xx.a(setup.o)
                0x00000000000089e0                NOROM_SetupGetTrimForAnabypassValue1
 .text.NOROM_SetupGetTrimForAmpcompCtrl
                0x0000000000008a44       0x74 contiki-srf06-cc26xx.a(setup.o)
                0x0000000000008a44                NOROM_SetupGetTrimForAmpcompCtrl
 .text.NOROM_SetupAfterColdResetWakeupFromShutDownCfg2
                0x0000000000008ab8      0x194 contiki-srf06-cc26xx.a(setup.o)
                0x0000000000008ab8                NOROM_SetupAfterColdResetWakeupFromShutDownCfg2
 .text.TrimAfterColdResetWakeupFromShutDown
                0x0000000000008c4c       0xe4 contiki-srf06-cc26xx.a(setup.o)
 .text.NOROM_SetupSignExtendVddrTrimValue
                0x0000000000008d30        0x8 contiki-srf06-cc26xx.a(setup.o)
                0x0000000000008d30                NOROM_SetupSignExtendVddrTrimValue
 .text.NOROM_SetupSetCacheModeAccordingToCcfgSetting
                0x0000000000008d38       0x6c contiki-srf06-cc26xx.a(setup.o)
                0x0000000000008d38                NOROM_SetupSetCacheModeAccordingToCcfgSetting
 .text.NOROM_SetupTrimDevice
                0x0000000000008da4       0xa4 contiki-srf06-cc26xx.a(setup.o)
                0x0000000000008da4                NOROM_SetupTrimDevice
 .text.SafeHapiVoid
                0x0000000000008e48       0x2c contiki-srf06-cc26xx.a(adi.o)
                0x0000000000008e48                SafeHapiVoid
 .text.NOROM_AONBatMonTemperatureGetDegC
                0x0000000000008e74       0x30 contiki-srf06-cc26xx.a(aon_batmon.o)
                0x0000000000008e74                NOROM_AONBatMonTemperatureGetDegC
 .text.NOROM_SysCtrlSetRechargeBeforePowerDown
                0x0000000000008ea4      0x270 contiki-srf06-cc26xx.a(sys_ctrl.o)
                0x0000000000008ea4                NOROM_SysCtrlSetRechargeBeforePowerDown
 .text.NOROM_SysCtrlAdjustRechargeAfterPowerDown
                0x0000000000009114       0x64 contiki-srf06-cc26xx.a(sys_ctrl.o)
                0x0000000000009114                NOROM_SysCtrlAdjustRechargeAfterPowerDown
 .text.NOROM_SysCtrl_DCDC_VoltageConditionalControl
                0x0000000000009178       0x7c contiki-srf06-cc26xx.a(sys_ctrl.o)
                0x0000000000009178                NOROM_SysCtrl_DCDC_VoltageConditionalControl
 .text.NOROM_ChipInfo_GetSupportedProtocol_BV
                0x00000000000091f4       0x10 contiki-srf06-cc26xx.a(chipinfo.o)
                0x00000000000091f4                NOROM_ChipInfo_GetSupportedProtocol_BV
 .text.NOROM_ChipInfo_GetChipFamily
                0x0000000000009204       0x50 contiki-srf06-cc26xx.a(chipinfo.o)
                0x0000000000009204                NOROM_ChipInfo_GetChipFamily
 .text.NOROM_ChipInfo_GetChipType
                0x0000000000009254       0x58 contiki-srf06-cc26xx.a(chipinfo.o)
                0x0000000000009254                NOROM_ChipInfo_GetChipType
 .text.NOROM_ChipInfo_GetHwRevision
                0x00000000000092ac       0x70 contiki-srf06-cc26xx.a(chipinfo.o)
                0x00000000000092ac                NOROM_ChipInfo_GetHwRevision
 .text.NOROM_ThisCodeIsBuiltForCC26xxHwRev22AndLater_HaltIfViolated
                0x000000000000931c       0x14 contiki-srf06-cc26xx.a(chipinfo.o)
                0x000000000000931c                NOROM_ThisCodeIsBuiltForCC26xxHwRev22AndLater_HaltIfViolated
 .text.NOROM_PowerCtrlSourceSet
                0x0000000000009330       0x30 contiki-srf06-cc26xx.a(pwr_ctrl.o)
                0x0000000000009330                NOROM_PowerCtrlSourceSet
 .text.NOROM_DDI32RegWrite
                0x0000000000009360       0x34 contiki-srf06-cc26xx.a(ddi.o)
                0x0000000000009360                NOROM_DDI32RegWrite
 .text.NOROM_DDI16BitfieldWrite
                0x0000000000009394       0x4c contiki-srf06-cc26xx.a(ddi.o)
                0x0000000000009394                NOROM_DDI16BitfieldWrite
 .text.NOROM_DDI16BitfieldRead
                0x00000000000093e0       0x48 contiki-srf06-cc26xx.a(ddi.o)
                0x00000000000093e0                NOROM_DDI16BitfieldRead
 .text.NOROM_OSCClockSourceSet
                0x0000000000009428       0x50 contiki-srf06-cc26xx.a(osc.o)
                0x0000000000009428                NOROM_OSCClockSourceSet
 .text.NOROM_OSCClockSourceGet
                0x0000000000009478       0x24 contiki-srf06-cc26xx.a(osc.o)
                0x0000000000009478                NOROM_OSCClockSourceGet
 .text.NOROM_CPUcpsid
                0x000000000000949c        0x8 contiki-srf06-cc26xx.a(cpu.o)
                0x000000000000949c                NOROM_CPUcpsid
 .text.NOROM_CPUcpsie
                0x00000000000094a4        0x8 contiki-srf06-cc26xx.a(cpu.o)
                0x00000000000094a4                NOROM_CPUcpsie
 .text.NOROM_TRNGConfigure
                0x00000000000094ac       0x38 contiki-srf06-cc26xx.a(trng.o)
                0x00000000000094ac                NOROM_TRNGConfigure
 .text.NOROM_AONRTCCurrentCompareValueGet
                0x00000000000094e4       0x24 contiki-srf06-cc26xx.a(aon_rtc.o)
                0x00000000000094e4                NOROM_AONRTCCurrentCompareValueGet
 .text.queuebuf_init
                0x0000000000009508       0x1c contiki-srf06-cc26xx.a(queuebuf.o)
                0x0000000000009508                queuebuf_init
 .text.queuebuf_numfree
                0x0000000000009524        0xc contiki-srf06-cc26xx.a(queuebuf.o)
                0x0000000000009524                queuebuf_numfree
 .text.queuebuf_new_from_packetbuf
                0x0000000000009530       0x48 contiki-srf06-cc26xx.a(queuebuf.o)
                0x0000000000009530                queuebuf_new_from_packetbuf
 .text.queuebuf_update_attr_from_packetbuf
                0x0000000000009578        0xc contiki-srf06-cc26xx.a(queuebuf.o)
                0x0000000000009578                queuebuf_update_attr_from_packetbuf
 .text.queuebuf_update_from_packetbuf
                0x0000000000009584       0x1c contiki-srf06-cc26xx.a(queuebuf.o)
                0x0000000000009584                queuebuf_update_from_packetbuf
 .text.queuebuf_free
                0x00000000000095a0       0x2c contiki-srf06-cc26xx.a(queuebuf.o)
                0x00000000000095a0                queuebuf_free
 .text.queuebuf_to_packetbuf
                0x00000000000095cc       0x30 contiki-srf06-cc26xx.a(queuebuf.o)
                0x00000000000095cc                queuebuf_to_packetbuf
 .text.queuebuf_attr
                0x00000000000095fc        0xc contiki-srf06-cc26xx.a(queuebuf.o)
                0x00000000000095fc                queuebuf_attr
 .text.nbr_set_bit
                0x0000000000009608       0x4c contiki-srf06-cc26xx.a(nbr-table.o)
 .text.index_from_lladdr
                0x0000000000009654       0x50 contiki-srf06-cc26xx.a(nbr-table.o)
 .text.nbr_get_bit.constprop.0
                0x00000000000096a4       0x2c contiki-srf06-cc26xx.a(nbr-table.o)
 .text.remove_key
                0x00000000000096d0       0xa0 contiki-srf06-cc26xx.a(nbr-table.o)
 .text.nbr_table_register
                0x0000000000009770       0x2c contiki-srf06-cc26xx.a(nbr-table.o)
                0x0000000000009770                nbr_table_register
 .text.nbr_table_next
                0x000000000000979c       0x70 contiki-srf06-cc26xx.a(nbr-table.o)
                0x000000000000979c                nbr_table_next
 .text.nbr_table_head
                0x000000000000980c       0x58 contiki-srf06-cc26xx.a(nbr-table.o)
                0x000000000000980c                nbr_table_head
 .text.nbr_table_add_lladdr
                0x0000000000009864      0x13c contiki-srf06-cc26xx.a(nbr-table.o)
                0x0000000000009864                nbr_table_add_lladdr
 .text.nbr_table_get_from_lladdr
                0x00000000000099a0       0x34 contiki-srf06-cc26xx.a(nbr-table.o)
                0x00000000000099a0                nbr_table_get_from_lladdr
 .text.nbr_table_remove
                0x00000000000099d4       0x2c contiki-srf06-cc26xx.a(nbr-table.o)
                0x00000000000099d4                nbr_table_remove
 .text.nbr_table_lock
                0x0000000000009a00       0x14 contiki-srf06-cc26xx.a(nbr-table.o)
                0x0000000000009a00                nbr_table_lock
 .text.nbr_table_unlock
                0x0000000000009a14       0x14 contiki-srf06-cc26xx.a(nbr-table.o)
                0x0000000000009a14                nbr_table_unlock
 .text.nbr_table_get_lladdr
                0x0000000000009a28       0x30 contiki-srf06-cc26xx.a(nbr-table.o)
                0x0000000000009a28                nbr_table_get_lladdr
 .text.packetbuf_copyto
                0x0000000000009a58       0x50 contiki-srf06-cc26xx.a(packetbuf.o)
                0x0000000000009a58                packetbuf_copyto
 .text.packetbuf_hdralloc
                0x0000000000009aa8       0x58 contiki-srf06-cc26xx.a(packetbuf.o)
                0x0000000000009aa8                packetbuf_hdralloc
 .text.packetbuf_hdrreduce
                0x0000000000009b00       0x2c contiki-srf06-cc26xx.a(packetbuf.o)
                0x0000000000009b00                packetbuf_hdrreduce
 .text.packetbuf_set_datalen
                0x0000000000009b2c        0xc contiki-srf06-cc26xx.a(packetbuf.o)
                0x0000000000009b2c                packetbuf_set_datalen
 .text.packetbuf_dataptr
                0x0000000000009b38       0x20 contiki-srf06-cc26xx.a(packetbuf.o)
                0x0000000000009b38                packetbuf_dataptr
 .text.packetbuf_hdrptr
                0x0000000000009b58        0x8 contiki-srf06-cc26xx.a(packetbuf.o)
                0x0000000000009b58                packetbuf_hdrptr
 .text.packetbuf_datalen
                0x0000000000009b60        0xc contiki-srf06-cc26xx.a(packetbuf.o)
                0x0000000000009b60                packetbuf_datalen
 .text.packetbuf_totlen
                0x0000000000009b6c       0x24 contiki-srf06-cc26xx.a(packetbuf.o)
                0x0000000000009b6c                packetbuf_totlen
 .text.packetbuf_attr_clear
                0x0000000000009b90       0x34 contiki-srf06-cc26xx.a(packetbuf.o)
                0x0000000000009b90                packetbuf_attr_clear
 .text.packetbuf_clear
                0x0000000000009bc4       0x20 contiki-srf06-cc26xx.a(packetbuf.o)
                0x0000000000009bc4                packetbuf_clear
 .text.packetbuf_copyfrom
                0x0000000000009be4       0x40 contiki-srf06-cc26xx.a(packetbuf.o)
                0x0000000000009be4                packetbuf_copyfrom
 .text.packetbuf_attr_copyto
                0x0000000000009c24       0x44 contiki-srf06-cc26xx.a(packetbuf.o)
                0x0000000000009c24                packetbuf_attr_copyto
 .text.packetbuf_attr_copyfrom
                0x0000000000009c68       0x44 contiki-srf06-cc26xx.a(packetbuf.o)
                0x0000000000009c68                packetbuf_attr_copyfrom
 .text.packetbuf_set_attr
                0x0000000000009cac       0x10 contiki-srf06-cc26xx.a(packetbuf.o)
                0x0000000000009cac                packetbuf_set_attr
 .text.packetbuf_attr
                0x0000000000009cbc        0xc contiki-srf06-cc26xx.a(packetbuf.o)
                0x0000000000009cbc                packetbuf_attr
 .text.packetbuf_set_addr
                0x0000000000009cc8       0x18 contiki-srf06-cc26xx.a(packetbuf.o)
                0x0000000000009cc8                packetbuf_set_addr
 .text.packetbuf_addr
                0x0000000000009ce0       0x10 contiki-srf06-cc26xx.a(packetbuf.o)
                0x0000000000009ce0                packetbuf_addr
 .text.packetbuf_holds_broadcast
                0x0000000000009cf0       0x10 contiki-srf06-cc26xx.a(packetbuf.o)
                0x0000000000009cf0                packetbuf_holds_broadcast
 .text.netstack_init
                0x0000000000009d00       0x38 contiki-srf06-cc26xx.a(netstack.o)
                0x0000000000009d00                netstack_init
 .text.linkaddr_copy
                0x0000000000009d38        0xc contiki-srf06-cc26xx.a(linkaddr.o)
                0x0000000000009d38                linkaddr_copy
 .text.linkaddr_cmp
                0x0000000000009d44       0x10 contiki-srf06-cc26xx.a(linkaddr.o)
                0x0000000000009d44                linkaddr_cmp
 .text.periodic
                0x0000000000009d54       0x2c contiki-srf06-cc26xx.a(link-stats.o)
 .text.link_stats_from_lladdr
                0x0000000000009d80        0xc contiki-srf06-cc26xx.a(link-stats.o)
                0x0000000000009d80                link_stats_from_lladdr
 .text.link_stats_is_fresh
                0x0000000000009d8c       0x28 contiki-srf06-cc26xx.a(link-stats.o)
                0x0000000000009d8c                link_stats_is_fresh
 .text.link_stats_packet_sent
                0x0000000000009db4       0xbc contiki-srf06-cc26xx.a(link-stats.o)
                0x0000000000009db4                link_stats_packet_sent
 .text.link_stats_input_callback
                0x0000000000009e70       0x5c contiki-srf06-cc26xx.a(link-stats.o)
                0x0000000000009e70                link_stats_input_callback
 .text.link_stats_init
                0x0000000000009ecc       0x28 contiki-srf06-cc26xx.a(link-stats.o)
                0x0000000000009ecc                link_stats_init
 .text.parse    0x0000000000009ef4       0xa0 contiki-srf06-cc26xx.a(framer-802154.o)
 .text.create_frame.isra.0
                0x0000000000009f94      0x140 contiki-srf06-cc26xx.a(framer-802154.o)
 .text.create   0x000000000000a0d4        0x8 contiki-srf06-cc26xx.a(framer-802154.o)
 .text.hdr_length
                0x000000000000a0dc        0x8 contiki-srf06-cc26xx.a(framer-802154.o)
 .text.frame802154_get_pan_id
                0x000000000000a0e4        0xc contiki-srf06-cc26xx.a(frame802154.o)
                0x000000000000a0e4                frame802154_get_pan_id
 .text.frame802154_has_panid
                0x000000000000a0f0       0x68 contiki-srf06-cc26xx.a(frame802154.o)
                0x000000000000a0f0                frame802154_has_panid
 .text.field_len
                0x000000000000a158       0x9c contiki-srf06-cc26xx.a(frame802154.o)
 .text.frame802154_is_broadcast_addr
                0x000000000000a1f4       0x20 contiki-srf06-cc26xx.a(frame802154.o)
                0x000000000000a1f4                frame802154_is_broadcast_addr
 .text.frame802154_hdrlen
                0x000000000000a214       0x34 contiki-srf06-cc26xx.a(frame802154.o)
                0x000000000000a214                frame802154_hdrlen
 .text.frame802154_create
                0x000000000000a248      0x10c contiki-srf06-cc26xx.a(frame802154.o)
                0x000000000000a248                frame802154_create
 .text.frame802154_parse
                0x000000000000a354      0x17c contiki-srf06-cc26xx.a(frame802154.o)
                0x000000000000a354                frame802154_parse
 .text.input_packet
                0x000000000000a4d0        0xc contiki-srf06-cc26xx.a(csma.o)
 .text.on       0x000000000000a4dc        0xc contiki-srf06-cc26xx.a(csma.o)
 .text.off      0x000000000000a4e8        0xc contiki-srf06-cc26xx.a(csma.o)
 .text.channel_check_interval
                0x000000000000a4f4       0x10 contiki-srf06-cc26xx.a(csma.o)
 .text.transmit_packet_list
                0x000000000000a504       0x34 contiki-srf06-cc26xx.a(csma.o)
 .text.schedule_transmission
                0x000000000000a538       0x58 contiki-srf06-cc26xx.a(csma.o)
 .text.send_packet
                0x000000000000a590      0x154 contiki-srf06-cc26xx.a(csma.o)
 .text.init     0x000000000000a6e4       0x24 contiki-srf06-cc26xx.a(csma.o)
 .text.tx_done  0x000000000000a708       0x84 contiki-srf06-cc26xx.a(csma.o)
 .text.packet_sent
                0x000000000000a78c       0xe8 contiki-srf06-cc26xx.a(csma.o)
 .text.duty_cycle
                0x000000000000a874        0x4 contiki-srf06-cc26xx.a(contikimac.o)
 .text.init     0x000000000000a878       0x40 contiki-srf06-cc26xx.a(contikimac.o)
 .text.on       0x000000000000a8b8       0x2c contiki-srf06-cc26xx.a(contikimac.o)
 .text.off      0x000000000000a8e4       0x38 contiki-srf06-cc26xx.a(contikimac.o)
 .text.recv_burst_off
                0x000000000000a91c       0x14 contiki-srf06-cc26xx.a(contikimac.o)
 .text.powercycle_turn_radio_off.part.2
                0x000000000000a930       0x10 contiki-srf06-cc26xx.a(contikimac.o)
 .text.turn_off
                0x000000000000a940       0x48 contiki-srf06-cc26xx.a(contikimac.o)
 .text.turn_on  0x000000000000a988       0x40 contiki-srf06-cc26xx.a(contikimac.o)
 .text.schedule_powercycle_fixed.part.5
                0x000000000000a9c8       0x2c contiki-srf06-cc26xx.a(contikimac.o)
 .text.input_packet
                0x000000000000a9f4       0xac contiki-srf06-cc26xx.a(contikimac.o)
 .text.send_packet.isra.8
                0x000000000000aaa0      0x228 contiki-srf06-cc26xx.a(contikimac.o)
 .text.qsend_list
                0x000000000000acc8       0xe0 contiki-srf06-cc26xx.a(contikimac.o)
 .text.qsend_packet
                0x000000000000ada8       0x24 contiki-srf06-cc26xx.a(contikimac.o)
 .text.powercycle_wrapper
                0x000000000000adcc      0x234 contiki-srf06-cc26xx.a(contikimac.o)
 .text.init     0x000000000000b000        0x4 contiki-srf06-cc26xx.a(nullsec.o)
 .text.input    0x000000000000b004        0xc contiki-srf06-cc26xx.a(nullsec.o)
 .text.send     0x000000000000b010       0x20 contiki-srf06-cc26xx.a(nullsec.o)
 .text.rtimer_arch_init
                0x000000000000b030        0x4 contiki-srf06-cc26xx.a(rtimer-arch.o)
                0x000000000000b030                rtimer_arch_init
 .text.rtimer_arch_schedule
                0x000000000000b034        0x8 contiki-srf06-cc26xx.a(rtimer-arch.o)
                0x000000000000b034                rtimer_arch_schedule
 .text.rtimer_arch_now
                0x000000000000b03c        0x4 contiki-srf06-cc26xx.a(rtimer-arch.o)
                0x000000000000b03c                rtimer_arch_now
 .text.aux_ctrl_power_up
                0x000000000000b040       0x28 contiki-srf06-cc26xx.a(aux-ctrl.o)
                0x000000000000b040                aux_ctrl_power_up
 .text.aux_ctrl_register_consumer
                0x000000000000b068       0x40 contiki-srf06-cc26xx.a(aux-ctrl.o)
                0x000000000000b068                aux_ctrl_register_consumer
 .text.aux_ctrl_power_down
                0x000000000000b0a8       0x6c contiki-srf06-cc26xx.a(aux-ctrl.o)
                0x000000000000b0a8                aux_ctrl_power_down
 .text.aux_ctrl_unregister_consumer
                0x000000000000b114       0x28 contiki-srf06-cc26xx.a(aux-ctrl.o)
                0x000000000000b114                aux_ctrl_unregister_consumer
 .text.process_thread_rf_core_process
                0x000000000000b13c       0x58 contiki-srf06-cc26xx.a(rf-core.o)
 .text.rf_core_is_accessible
                0x000000000000b194       0x10 contiki-srf06-cc26xx.a(rf-core.o)
                0x000000000000b194                rf_core_is_accessible
 .text.rf_core_send_cmd
                0x000000000000b1a4       0xa4 contiki-srf06-cc26xx.a(rf-core.o)
                0x000000000000b1a4                rf_core_send_cmd
 .text.rf_core_wait_cmd_done
                0x000000000000b248       0x30 contiki-srf06-cc26xx.a(rf-core.o)
                0x000000000000b248                rf_core_wait_cmd_done
 .text.rf_core_power_up
                0x000000000000b278       0xb4 contiki-srf06-cc26xx.a(rf-core.o)
                0x000000000000b278                rf_core_power_up
 .text.rf_core_start_rat
                0x000000000000b32c       0x68 contiki-srf06-cc26xx.a(rf-core.o)
                0x000000000000b32c                rf_core_start_rat
 .text.rf_core_stop_rat
                0x000000000000b394       0x7c contiki-srf06-cc26xx.a(rf-core.o)
                0x000000000000b394                rf_core_stop_rat
 .text.rf_core_power_down
                0x000000000000b410       0xec contiki-srf06-cc26xx.a(rf-core.o)
                0x000000000000b410                rf_core_power_down
 .text.rf_core_set_modesel
                0x000000000000b4fc       0x38 contiki-srf06-cc26xx.a(rf-core.o)
                0x000000000000b4fc                rf_core_set_modesel
 .text.rf_core_boot
                0x000000000000b534       0x1c contiki-srf06-cc26xx.a(rf-core.o)
                0x000000000000b534                rf_core_boot
 .text.rf_core_restart_rat
                0x000000000000b550       0x20 contiki-srf06-cc26xx.a(rf-core.o)
                0x000000000000b550                rf_core_restart_rat
 .text.rf_core_setup_interrupts
                0x000000000000b570       0x74 contiki-srf06-cc26xx.a(rf-core.o)
                0x000000000000b570                rf_core_setup_interrupts
 .text.rf_core_cmd_done_en
                0x000000000000b5e4       0x28 contiki-srf06-cc26xx.a(rf-core.o)
                0x000000000000b5e4                rf_core_cmd_done_en
 .text.rf_core_cmd_done_dis
                0x000000000000b60c       0x18 contiki-srf06-cc26xx.a(rf-core.o)
                0x000000000000b60c                rf_core_cmd_done_dis
 .text.rf_core_get_last_radio_op
                0x000000000000b624        0xc contiki-srf06-cc26xx.a(rf-core.o)
                0x000000000000b624                rf_core_get_last_radio_op
 .text.rf_core_init_radio_op
                0x000000000000b630       0x20 contiki-srf06-cc26xx.a(rf-core.o)
                0x000000000000b630                rf_core_init_radio_op
 .text.rf_core_primary_mode_register
                0x000000000000b650        0xc contiki-srf06-cc26xx.a(rf-core.o)
                0x000000000000b650                rf_core_primary_mode_register
 .text.rf_core_primary_mode_abort
                0x000000000000b65c       0x14 contiki-srf06-cc26xx.a(rf-core.o)
                0x000000000000b65c                rf_core_primary_mode_abort
 .text.rf_core_primary_mode_restore
                0x000000000000b670       0x14 contiki-srf06-cc26xx.a(rf-core.o)
                0x000000000000b670                rf_core_primary_mode_restore
 .text.RFCCPE1IntHandler
                0x000000000000b684       0x28 contiki-srf06-cc26xx.a(rf-core.o)
                0x000000000000b684                RFCCPE1IntHandler
 .text.RFCCPE0IntHandler
                0x000000000000b6ac       0x5c contiki-srf06-cc26xx.a(rf-core.o)
                0x000000000000b6ac                RFCCPE0IntHandler
 .text.echo_reply_input
                0x000000000000b708       0xb0 contiki-srf06-cc26xx.a(uip-icmp6.o)
 .text.echo_request_input
                0x000000000000b7b8       0xb8 contiki-srf06-cc26xx.a(uip-icmp6.o)
 .text.uip_icmp6_input
                0x000000000000b870       0x3c contiki-srf06-cc26xx.a(uip-icmp6.o)
                0x000000000000b870                uip_icmp6_input
 .text.uip_icmp6_register_input_handler
                0x000000000000b8ac        0xc contiki-srf06-cc26xx.a(uip-icmp6.o)
                0x000000000000b8ac                uip_icmp6_register_input_handler
 .text.uip_icmp6_error_output
                0x000000000000b8b8      0x150 contiki-srf06-cc26xx.a(uip-icmp6.o)
                0x000000000000b8b8                uip_icmp6_error_output
 .text.uip_icmp6_send
                0x000000000000ba08       0x84 contiki-srf06-cc26xx.a(uip-icmp6.o)
                0x000000000000ba08                uip_icmp6_send
 .text.uip_icmp6_init
                0x000000000000ba8c       0x24 contiki-srf06-cc26xx.a(uip-icmp6.o)
                0x000000000000ba8c                uip_icmp6_init
 .text.uip_ds6_list_loop
                0x000000000000bab0       0x60 contiki-srf06-cc26xx.a(uip-ds6.o)
                0x000000000000bab0                uip_ds6_list_loop
 .text.uip_ds6_prefix_add
                0x000000000000bb10       0x6c contiki-srf06-cc26xx.a(uip-ds6.o)
                0x000000000000bb10                uip_ds6_prefix_add
 .text.uip_ds6_is_addr_onlink
                0x000000000000bb7c       0x3c contiki-srf06-cc26xx.a(uip-ds6.o)
                0x000000000000bb7c                uip_ds6_is_addr_onlink
 .text.uip_ds6_addr_lookup
                0x000000000000bbb8       0x30 contiki-srf06-cc26xx.a(uip-ds6.o)
                0x000000000000bbb8                uip_ds6_addr_lookup
 .text.uip_ds6_get_link_local
                0x000000000000bbe8       0x44 contiki-srf06-cc26xx.a(uip-ds6.o)
                0x000000000000bbe8                uip_ds6_get_link_local
 .text.uip_ds6_maddr_add
                0x000000000000bc2c       0x50 contiki-srf06-cc26xx.a(uip-ds6.o)
                0x000000000000bc2c                uip_ds6_maddr_add
 .text.uip_ds6_addr_add
                0x000000000000bc7c       0xa8 contiki-srf06-cc26xx.a(uip-ds6.o)
                0x000000000000bc7c                uip_ds6_addr_add
 .text.uip_ds6_maddr_lookup
                0x000000000000bd24       0x30 contiki-srf06-cc26xx.a(uip-ds6.o)
                0x000000000000bd24                uip_ds6_maddr_lookup
 .text.uip_ds6_addr_rm
                0x000000000000bd54       0x48 contiki-srf06-cc26xx.a(uip-ds6.o)
                0x000000000000bd54                uip_ds6_addr_rm
 .text.uip_ds6_periodic
                0x000000000000bd9c       0x5c contiki-srf06-cc26xx.a(uip-ds6.o)
                0x000000000000bd9c                uip_ds6_periodic
 .text.uip_ds6_select_src
                0x000000000000bdf8       0xf4 contiki-srf06-cc26xx.a(uip-ds6.o)
                0x000000000000bdf8                uip_ds6_select_src
 .text.uip_ds6_set_addr_iid
                0x000000000000beec       0x14 contiki-srf06-cc26xx.a(uip-ds6.o)
                0x000000000000beec                uip_ds6_set_addr_iid
 .text.uip_ds6_compute_reachable_time
                0x000000000000bf00       0x28 contiki-srf06-cc26xx.a(uip-ds6.o)
                0x000000000000bf00                uip_ds6_compute_reachable_time
 .text.uip_ds6_init
                0x000000000000bf28       0xf8 contiki-srf06-cc26xx.a(uip-ds6.o)
                0x000000000000bf28                uip_ds6_init
 .text.call_route_callback
                0x000000000000c020       0x50 contiki-srf06-cc26xx.a(uip-ds6-route.o)
 .text.uip_ds6_route_init
                0x000000000000c070       0x4c contiki-srf06-cc26xx.a(uip-ds6-route.o)
                0x000000000000c070                uip_ds6_route_init
 .text.uip_ds6_route_nexthop
                0x000000000000c0bc       0x1c contiki-srf06-cc26xx.a(uip-ds6-route.o)
                0x000000000000c0bc                uip_ds6_route_nexthop
 .text.uip_ds6_route_head
                0x000000000000c0d8        0xc contiki-srf06-cc26xx.a(uip-ds6-route.o)
                0x000000000000c0d8                uip_ds6_route_head
 .text.uip_ds6_route_next
                0x000000000000c0e4        0x8 contiki-srf06-cc26xx.a(uip-ds6-route.o)
                0x000000000000c0e4                uip_ds6_route_next
 .text.uip_ds6_route_is_nexthop
                0x000000000000c0ec       0x20 contiki-srf06-cc26xx.a(uip-ds6-route.o)
                0x000000000000c0ec                uip_ds6_route_is_nexthop
 .text.uip_ds6_route_lookup
                0x000000000000c10c       0x78 contiki-srf06-cc26xx.a(uip-ds6-route.o)
                0x000000000000c10c                uip_ds6_route_lookup
 .text.uip_ds6_route_rm
                0x000000000000c184       0xac contiki-srf06-cc26xx.a(uip-ds6-route.o)
                0x000000000000c184                uip_ds6_route_rm
 .text.rm_routelist
                0x000000000000c230       0x38 contiki-srf06-cc26xx.a(uip-ds6-route.o)
 .text.rm_routelist_callback
                0x000000000000c268        0x4 contiki-srf06-cc26xx.a(uip-ds6-route.o)
 .text.uip_ds6_route_add
                0x000000000000c26c      0x12c contiki-srf06-cc26xx.a(uip-ds6-route.o)
                0x000000000000c26c                uip_ds6_route_add
 .text.uip_ds6_defrt_rm
                0x000000000000c398       0x48 contiki-srf06-cc26xx.a(uip-ds6-route.o)
                0x000000000000c398                uip_ds6_defrt_rm
 .text.uip_ds6_defrt_lookup
                0x000000000000c3e0       0x34 contiki-srf06-cc26xx.a(uip-ds6-route.o)
                0x000000000000c3e0                uip_ds6_defrt_lookup
 .text.uip_ds6_defrt_add
                0x000000000000c414       0x5c contiki-srf06-cc26xx.a(uip-ds6-route.o)
                0x000000000000c414                uip_ds6_defrt_add
 .text.uip_ds6_defrt_choose
                0x000000000000c470       0x34 contiki-srf06-cc26xx.a(uip-ds6-route.o)
                0x000000000000c470                uip_ds6_defrt_choose
 .text.uip_ds6_defrt_periodic
                0x000000000000c4a4       0x3c contiki-srf06-cc26xx.a(uip-ds6-route.o)
                0x000000000000c4a4                uip_ds6_defrt_periodic
 .text.uip_ds6_nbr_rm
                0x000000000000c4e0       0x20 contiki-srf06-cc26xx.a(uip-ds6-nbr.o)
                0x000000000000c4e0                uip_ds6_nbr_rm
 .text.uip_ds6_neighbors_init
                0x000000000000c500       0x1c contiki-srf06-cc26xx.a(uip-ds6-nbr.o)
                0x000000000000c500                uip_ds6_neighbors_init
 .text.uip_ds6_nbr_add
                0x000000000000c51c       0x38 contiki-srf06-cc26xx.a(uip-ds6-nbr.o)
                0x000000000000c51c                uip_ds6_nbr_add
 .text.uip_ds6_nbr_get_ll
                0x000000000000c554       0x10 contiki-srf06-cc26xx.a(uip-ds6-nbr.o)
                0x000000000000c554                uip_ds6_nbr_get_ll
 .text.uip_ds6_nbr_lookup
                0x000000000000c564       0x3c contiki-srf06-cc26xx.a(uip-ds6-nbr.o)
                0x000000000000c564                uip_ds6_nbr_lookup
 .text.uip_ds6_nbr_ipaddr_from_lladdr
                0x000000000000c5a0       0x10 contiki-srf06-cc26xx.a(uip-ds6-nbr.o)
                0x000000000000c5a0                uip_ds6_nbr_ipaddr_from_lladdr
 .text.uip_ds6_nbr_lladdr_from_ipaddr
                0x000000000000c5b0       0x1c contiki-srf06-cc26xx.a(uip-ds6-nbr.o)
                0x000000000000c5b0                uip_ds6_nbr_lladdr_from_ipaddr
 .text.uip_ds6_link_neighbor_callback
                0x000000000000c5cc       0x34 contiki-srf06-cc26xx.a(uip-ds6-nbr.o)
                0x000000000000c5cc                uip_ds6_link_neighbor_callback
 .text.uip_debug_ipaddr_print
                0x000000000000c600       0xb0 contiki-srf06-cc26xx.a(uip-debug.o)
                0x000000000000c600                uip_debug_ipaddr_print
 .text.get32    0x000000000000c6b0       0x20 contiki-srf06-cc26xx.a(rpl-icmp6.o)
 .text.dao_ack_input
                0x000000000000c6d0       0x14 contiki-srf06-cc26xx.a(rpl-icmp6.o)
 .text.dao_output_target_seq
                0x000000000000c6e4      0x12c contiki-srf06-cc26xx.a(rpl-icmp6.o)
 .text.dio_input
                0x000000000000c810      0x270 contiki-srf06-cc26xx.a(rpl-icmp6.o)
 .text.rpl_icmp6_update_nbr_table
                0x000000000000ca80       0x38 contiki-srf06-cc26xx.a(rpl-icmp6.o)
                0x000000000000ca80                rpl_icmp6_update_nbr_table
 .text.dao_input
                0x000000000000cab8      0x2d8 contiki-srf06-cc26xx.a(rpl-icmp6.o)
 .text.dis_output
                0x000000000000cd90       0x58 contiki-srf06-cc26xx.a(rpl-icmp6.o)
                0x000000000000cd90                dis_output
 .text.dio_output
                0x000000000000cde8      0x2e8 contiki-srf06-cc26xx.a(rpl-icmp6.o)
                0x000000000000cde8                dio_output
 .text.dis_input
                0x000000000000d0d0       0x54 contiki-srf06-cc26xx.a(rpl-icmp6.o)
 .text.dao_output
                0x000000000000d124       0x90 contiki-srf06-cc26xx.a(rpl-icmp6.o)
                0x000000000000d124                dao_output
 .text.dao_output_target
                0x000000000000d1b4        0xc contiki-srf06-cc26xx.a(rpl-icmp6.o)
                0x000000000000d1b4                dao_output_target
 .text.rpl_icmp6_register_handlers
                0x000000000000d1c0       0x30 contiki-srf06-cc26xx.a(rpl-icmp6.o)
                0x000000000000d1c0                rpl_icmp6_register_handlers
 .text.update_nbr
                0x000000000000d1f0      0x11c contiki-srf06-cc26xx.a(rpl-nbr-policy.)
 .text.handle_periodic_timer
                0x000000000000d30c       0x14 contiki-srf06-cc26xx.a(rpl-nbr-policy.)
 .text.find_removable_dio
                0x000000000000d320       0x40 contiki-srf06-cc26xx.a(rpl-nbr-policy.)
                0x000000000000d320                find_removable_dio
 .text.find_removable_dao
                0x000000000000d360       0x38 contiki-srf06-cc26xx.a(rpl-nbr-policy.)
                0x000000000000d360                find_removable_dao
 .text.rpl_nbr_policy_find_removable
                0x000000000000d398       0x40 contiki-srf06-cc26xx.a(rpl-nbr-policy.)
                0x000000000000d398                rpl_nbr_policy_find_removable
 .text.mac_sequence_is_duplicate
                0x000000000000d3d8       0x4c contiki-srf06-cc26xx.a(mac-sequence.o)
                0x000000000000d3d8                mac_sequence_is_duplicate
 .text.mac_sequence_register_seqno
                0x000000000000d424       0x64 contiki-srf06-cc26xx.a(mac-sequence.o)
                0x000000000000d424                mac_sequence_register_seqno
 .text.mac_call_sent_callback
                0x000000000000d488       0x10 contiki-srf06-cc26xx.a(mac.o)
                0x000000000000d488                mac_call_sent_callback
 .text.stimer_set
                0x000000000000d498       0x10 contiki-srf06-cc26xx.a(stimer.o)
                0x000000000000d498                stimer_set
 .text.stimer_expired
                0x000000000000d4a8       0x20 contiki-srf06-cc26xx.a(stimer.o)
                0x000000000000d4a8                stimer_expired
 .text          0x000000000000d4c8       0x30 /usr/lib/gcc/arm-none-eabi/4.9.3/armv7-m/libgcc.a(_aeabi_uldivmod.o)
                0x000000000000d4c8                __aeabi_uldivmod
 .text          0x000000000000d4f8       0x60 /usr/lib/gcc/arm-none-eabi/4.9.3/armv7-m/libgcc.a(bpabi.o)
                0x000000000000d4f8                __gnu_ldivmod_helper
                0x000000000000d528                __gnu_uldivmod_helper
 .text          0x000000000000d558        0x4 /usr/lib/gcc/arm-none-eabi/4.9.3/armv7-m/libgcc.a(_dvmd_tls.o)
                0x000000000000d558                __aeabi_ldiv0
                0x000000000000d558                __aeabi_idiv0
 .text          0x000000000000d55c      0x2ac /usr/lib/gcc/arm-none-eabi/4.9.3/armv7-m/libgcc.a(_divdi3.o)
                0x000000000000d55c                __divdi3
 .text          0x000000000000d808      0x270 /usr/lib/gcc/arm-none-eabi/4.9.3/armv7-m/libgcc.a(_udivdi3.o)
                0x000000000000d808                __udivdi3
 .text.memcmp   0x000000000000da78       0x64 /usr/lib/gcc/arm-none-eabi/4.9.3/../../../arm-none-eabi/lib/armv7-m/libc.a(lib_a-memcmp.o)
                0x000000000000da78                memcmp
 .text          0x000000000000dadc       0xec /usr/lib/gcc/arm-none-eabi/4.9.3/../../../arm-none-eabi/lib/armv7-m/libc.a(lib_a-memcpy.o)
                0x000000000000dadc                memcpy
 .text.memmove  0x000000000000dbc8       0xc8 /usr/lib/gcc/arm-none-eabi/4.9.3/../../../arm-none-eabi/lib/armv7-m/libc.a(lib_a-memmove.o)
                0x000000000000dbc8                memmove
 .text.memset   0x000000000000dc90       0x9c /usr/lib/gcc/arm-none-eabi/4.9.3/../../../arm-none-eabi/lib/armv7-m/libc.a(lib_a-memset.o)
                0x000000000000dc90                memset
 .text.strlen   0x000000000000dd2c       0x5c /usr/lib/gcc/arm-none-eabi/4.9.3/../../../arm-none-eabi/lib/armv7-m/libc.a(lib_a-strlen.o)
                0x000000000000dd2c                strlen
 *(SORT(.rodata*))
 .rodata.autostart_processes
                0x000000000000dd88        0x8 cc2650-lcd16x2.co
                0x000000000000dd88                autostart_processes
 .rodata.str1.4
                0x000000000000dd90       0xe4 cc2650-lcd16x2.co
 .rodata.rowOff
                0x000000000000de74       0x10 contiki-srf06-cc26xx.a(lcd.o)
 .rodata.str1.4
                0x000000000000de84        0x4 contiki-srf06-cc26xx.a(lcd.o)
 .rodata.str1.4
                0x000000000000de88       0x9e contiki-srf06-cc26xx.a(contiki-main.o)
                                         0xb2 (size before relaxing)
 *fill*         0x000000000000df26        0x2 00000000
 .rodata.str1.4
                0x000000000000df28        0x8 contiki-srf06-cc26xx.a(sensors.o)
 .rodata        0x000000000000df30       0x40 contiki-srf06-cc26xx.a(board.o)
 .rodata.str1.4
                0x000000000000df70        0x7 contiki-srf06-cc26xx.a(button-sensor.o)
 *fill*         0x000000000000df77        0x1 00000000
 .rodata.button_left_sensor
                0x000000000000df78       0x10 contiki-srf06-cc26xx.a(button-sensor.o)
                0x000000000000df78                button_left_sensor
 .rodata.button_right_sensor
                0x000000000000df88       0x10 contiki-srf06-cc26xx.a(button-sensor.o)
                0x000000000000df88                button_right_sensor
 .rodata        0x000000000000df98        0x4 contiki-srf06-cc26xx.a(ext-flash.o)
 .rodata.str1.4
                0x000000000000df9c       0x10 contiki-srf06-cc26xx.a(batmon-sensor.o)
 .rodata.batmon_sensor
                0x000000000000dfac       0x10 contiki-srf06-cc26xx.a(batmon-sensor.o)
                0x000000000000dfac                batmon_sensor
 .rodata.str1.4
                0x000000000000dfbc       0x26 contiki-srf06-cc26xx.a(rf-ble.o)
 *fill*         0x000000000000dfe2        0x2 00000000
 .rodata.output_power
                0x000000000000dfe4       0x68 contiki-srf06-cc26xx.a(ieee-mode.o)
 .rodata.mode_ieee
                0x000000000000e04c        0x8 contiki-srf06-cc26xx.a(ieee-mode.o)
 .rodata.ieee_mode_driver
                0x000000000000e054       0x38 contiki-srf06-cc26xx.a(ieee-mode.o)
                0x000000000000e054                ieee_mode_driver
 .rodata.str1.4
                0x000000000000e08c       0x1b contiki-srf06-cc26xx.a(soc-trng.o)
 *fill*         0x000000000000e0a7        0x1 00000000
 .rodata.str1.4
                0x000000000000e0a8       0x46 contiki-srf06-cc26xx.a(strformat.o)
 *fill*         0x000000000000e0ee        0x2 00000000
 .rodata.buffer.4019
                0x000000000000e0f0       0x10 contiki-srf06-cc26xx.a(strformat.o)
 .rodata.buffer.4028
                0x000000000000e100       0x10 contiki-srf06-cc26xx.a(strformat.o)
 .rodata.str1.4
                0x000000000000e110        0xc contiki-srf06-cc26xx.a(etimer.o)
 .rodata.str1.4
                0x000000000000e11c        0xf contiki-srf06-cc26xx.a(ctimer.o)
 *fill*         0x000000000000e12b        0x1 00000000
 .rodata.str1.4
                0x000000000000e12c        0xe contiki-srf06-cc26xx.a(serial-line.o)
 *fill*         0x000000000000e13a        0x2 00000000
 .rodata        0x000000000000e13c        0x2 contiki-srf06-cc26xx.a(sicslowpan.o)
 *fill*         0x000000000000e13e        0x2 00000000
 .rodata.ttl_values
                0x000000000000e140        0x4 contiki-srf06-cc26xx.a(sicslowpan.o)
 .rodata.unc_llconf
                0x000000000000e144        0x4 contiki-srf06-cc26xx.a(sicslowpan.o)
                0x000000000000e144                unc_llconf
 .rodata.llprefix
                0x000000000000e148        0x2 contiki-srf06-cc26xx.a(sicslowpan.o)
                0x000000000000e148                llprefix
 *fill*         0x000000000000e14a        0x2 00000000
 .rodata.sicslowpan_driver
                0x000000000000e14c        0xc contiki-srf06-cc26xx.a(sicslowpan.o)
                0x000000000000e14c                sicslowpan_driver
 .rodata.unc_mxconf
                0x000000000000e158        0x4 contiki-srf06-cc26xx.a(sicslowpan.o)
                0x000000000000e158                unc_mxconf
 .rodata.unc_ctxconf
                0x000000000000e15c        0x4 contiki-srf06-cc26xx.a(sicslowpan.o)
                0x000000000000e15c                unc_ctxconf
 .rodata.str1.4
                0x000000000000e160        0xb contiki-srf06-cc26xx.a(sicslowpan.o)
 *fill*         0x000000000000e16b        0x1 00000000
 .rodata.str1.4
                0x000000000000e16c        0xd contiki-srf06-cc26xx.a(tcpip.o)
 *fill*         0x000000000000e179        0x3 00000000
 .rodata.linkaddr_null
                0x000000000000e17c        0x8 contiki-srf06-cc26xx.a(linkaddr.o)
                0x000000000000e17c                linkaddr_null
 .rodata.framer_802154
                0x000000000000e184        0xc contiki-srf06-cc26xx.a(framer-802154.o)
                0x000000000000e184                framer_802154
 .rodata.csma_driver
                0x000000000000e190       0x1c contiki-srf06-cc26xx.a(csma.o)
                0x000000000000e190                csma_driver
 .rodata.str1.4
                0x000000000000e1ac        0x5 contiki-srf06-cc26xx.a(csma.o)
 *fill*         0x000000000000e1b1        0x3 00000000
 .rodata.contikimac_driver
                0x000000000000e1b4       0x20 contiki-srf06-cc26xx.a(contikimac.o)
                0x000000000000e1b4                contikimac_driver
 .rodata.str1.4
                0x000000000000e1d4        0xb contiki-srf06-cc26xx.a(contikimac.o)
 *fill*         0x000000000000e1df        0x1 00000000
 .rodata.str1.4
                0x000000000000e1e0        0x8 contiki-srf06-cc26xx.a(nullsec.o)
 .rodata.nullsec_driver
                0x000000000000e1e8       0x10 contiki-srf06-cc26xx.a(nullsec.o)
                0x000000000000e1e8                nullsec_driver
 .rodata.str1.4
                0x000000000000e1f8       0x46 contiki-srf06-cc26xx.a(rf-core.o)
 *fill*         0x000000000000e23e        0x2 00000000
 .rodata.str1.4
                0x000000000000e240       0x2c contiki-srf06-cc26xx.a(uip-debug.o)
                                         0x2b (size before relaxing)
                0x000000000000e26c                _etext = .

.glue_7         0x000000000000e26c        0x0
 .glue_7        0x000000000000e26c        0x0 linker stubs

.glue_7t        0x000000000000e26c        0x0
 .glue_7t       0x000000000000e26c        0x0 linker stubs

.vfp11_veneer   0x000000000000e26c        0x0
 .vfp11_veneer  0x000000000000e26c        0x0 linker stubs

.v4_bx          0x000000000000e26c        0x0
 .v4_bx         0x000000000000e26c        0x0 linker stubs

.iplt           0x000000000000e26c        0x0
 .iplt          0x000000000000e26c        0x0 obj_srf06-cc26xx/startup_gcc.o

.data           0x0000000020000000      0x298 load address 0x000000000000e26c
                0x0000000020000000                _data = .
 *(SORT(vtable))
 *(SORT(.data*))
 .data.cc26xx_demo_process
                0x0000000020000000       0x10 cc2650-lcd16x2.co
                0x0000000020000000                cc26xx_demo_process
 .data.lcdDataStructs
                0x0000000020000010        0xc contiki-srf06-cc26xx.a(lcd.o)
 .data.sensors_process
                0x000000002000001c       0x10 contiki-srf06-cc26xx.a(sensors.o)
                0x000000002000001c                sensors_process
 .data.launchpad_module
                0x000000002000002c       0x14 contiki-srf06-cc26xx.a(board.o)
 .data.sensors  0x0000000020000040        0xc contiki-srf06-cc26xx.a(launchpad-senso)
                0x0000000020000040                sensors
 .data.uart_module
                0x000000002000004c       0x14 contiki-srf06-cc26xx.a(cc26xx-uart.o)
 .data.rf_ble_beacon_process
                0x0000000020000060       0x10 contiki-srf06-cc26xx.a(rf-ble.o)
                0x0000000020000060                rf_ble_beacon_process
 .data.beacond_config
                0x0000000020000070       0x24 contiki-srf06-cc26xx.a(rf-ble.o)
 .data.ble_overrides
                0x0000000020000094       0x1c contiki-srf06-cc26xx.a(rf-ble.o)
 .data.cc26xx_rf_lpm_module
                0x00000000200000b0       0x14 contiki-srf06-cc26xx.a(ieee-mode.o)
 .data.ieee_overrides
                0x00000000200000c4       0x2c contiki-srf06-cc26xx.a(ieee-mode.o)
 .data.tx_power_current
                0x00000000200000f0        0x4 contiki-srf06-cc26xx.a(ieee-mode.o)
                0x00000000200000f0                tx_power_current
 .data.rng_module
                0x00000000200000f4       0x14 contiki-srf06-cc26xx.a(soc-trng.o)
 .data.soc_trng_process
                0x0000000020000108       0x10 contiki-srf06-cc26xx.a(soc-trng.o)
                0x0000000020000108                soc_trng_process
 .data.ctxt     0x0000000020000118        0x8 contiki-srf06-cc26xx.a(dbg-printf.o)
 .data.etimer_process
                0x0000000020000120       0x10 contiki-srf06-cc26xx.a(etimer.o)
                0x0000000020000120                etimer_process
 .data.ctimer_process
                0x0000000020000130       0x10 contiki-srf06-cc26xx.a(ctimer.o)
                0x0000000020000130                ctimer_process
 .data.serial_line_process
                0x0000000020000140       0x10 contiki-srf06-cc26xx.a(serial-line.o)
                0x0000000020000140                serial_line_process
 .data.tcpip_process
                0x0000000020000150       0x10 contiki-srf06-cc26xx.a(tcpip.o)
                0x0000000020000150                tcpip_process
 .data.rpl_parents
                0x0000000020000160        0x4 contiki-srf06-cc26xx.a(rpl-dag.o)
                0x0000000020000160                rpl_parents
 .data.rpl_parents_struct
                0x0000000020000164       0x10 contiki-srf06-cc26xx.a(rpl-dag.o)
 .data.rpl_mrhof
                0x0000000020000174       0x24 contiki-srf06-cc26xx.a(rpl-mrhof.o)
                0x0000000020000174                rpl_mrhof
 .data.bufmem   0x0000000020000198        0xc contiki-srf06-cc26xx.a(queuebuf.o)
 .data.buframmem
                0x00000000200001a4        0xc contiki-srf06-cc26xx.a(queuebuf.o)
 .data.neighbor_addr_mem
                0x00000000200001b0        0xc contiki-srf06-cc26xx.a(nbr-table.o)
 .data.link_stats_struct
                0x00000000200001bc       0x10 contiki-srf06-cc26xx.a(link-stats.o)
 .data.metadata_memb
                0x00000000200001cc        0xc contiki-srf06-cc26xx.a(csma.o)
 .data.neighbor_memb
                0x00000000200001d8        0xc contiki-srf06-cc26xx.a(csma.o)
 .data.packet_memb
                0x00000000200001e4        0xc contiki-srf06-cc26xx.a(csma.o)
 .data.rf_core_process
                0x00000000200001f0       0x10 contiki-srf06-cc26xx.a(rf-core.o)
                0x00000000200001f0                rf_core_process
 .data.echo_request_handler
                0x0000000020000200        0xc contiki-srf06-cc26xx.a(uip-icmp6.o)
 .data.echo_reply_handler
                0x000000002000020c        0xc contiki-srf06-cc26xx.a(uip-icmp6.o)
 .data.defaultroutermemb
                0x0000000020000218        0xc contiki-srf06-cc26xx.a(uip-ds6-route.o)
 .data.nbr_routes_struct
                0x0000000020000224       0x10 contiki-srf06-cc26xx.a(uip-ds6-route.o)
 .data.nbr_routes
                0x0000000020000234        0x4 contiki-srf06-cc26xx.a(uip-ds6-route.o)
                0x0000000020000234                nbr_routes
 .data.routememb
                0x0000000020000238        0xc contiki-srf06-cc26xx.a(uip-ds6-route.o)
 .data.neighborroutememb
                0x0000000020000244        0xc contiki-srf06-cc26xx.a(uip-ds6-route.o)
 .data.ds6_neighbors
                0x0000000020000250        0x4 contiki-srf06-cc26xx.a(uip-ds6-nbr.o)
                0x0000000020000250                ds6_neighbors
 .data.ds6_neighbors_struct
                0x0000000020000254       0x10 contiki-srf06-cc26xx.a(uip-ds6-nbr.o)
 .data.dao_ack_handler
                0x0000000020000264        0xc contiki-srf06-cc26xx.a(rpl-icmp6.o)
 .data.dis_handler
                0x0000000020000270        0xc contiki-srf06-cc26xx.a(rpl-icmp6.o)
 .data.dao_handler
                0x000000002000027c        0xc contiki-srf06-cc26xx.a(rpl-icmp6.o)
 .data.dio_handler
                0x0000000020000288        0xc contiki-srf06-cc26xx.a(rpl-icmp6.o)
 .data.mac_pan_id
                0x0000000020000294        0x2 contiki-srf06-cc26xx.a(frame802154.o)
 .data.rng_ready_event
                0x0000000020000296        0x1 contiki-srf06-cc26xx.a(soc-trng.o)
 .data.dao_sequence
                0x0000000020000297        0x1 contiki-srf06-cc26xx.a(rpl-icmp6.o)
                0x0000000020000298                _edata = .
